Component: ARM Compiler 5.06 update 7 (build 960) Tool: armlink [4d3601]

==============================================================================

Section Cross References

    main.o(i.main) refers to _printf_percent.o(.ARM.Collect$$_printf_percent$$00000000) for _printf_percent
    main.o(i.main) refers to _printf_s.o(.ARM.Collect$$_printf_percent$$00000014) for _printf_s
    main.o(i.main) refers to _printf_str.o(.text) for _printf_str
    main.o(i.main) refers to delay.o(i.delay_init) for delay_init
    main.o(i.main) refers to oled.o(i.OLED_Init) for OLED_Init
    main.o(i.main) refers to oled.o(i.LCD_CLS) for LCD_CLS
    main.o(i.main) refers to gpio.o(i.All_GPIO_Init) for All_GPIO_Init
    main.o(i.main) refers to usart.o(i.uart1_init) for uart1_init
    main.o(i.main) refers to usart.o(i.uart2_init) for uart2_init
    main.o(i.main) refers to usart.o(i.uart3_init) for uart3_init
    main.o(i.main) refers to timer.o(i.Init_BMQ) for Init_BMQ
    main.o(i.main) refers to misc.o(i.NVIC_PriorityGroupConfig) for NVIC_PriorityGroupConfig
    main.o(i.main) refers to adc_config.o(i.ADC_DMA_Configuration) for ADC_DMA_Configuration
    main.o(i.main) refers to adc_config.o(i.ADKey_Init) for ADKey_Init
    main.o(i.main) refers to timer.o(i.Init_TIM8_PWM) for Init_TIM8_PWM
    main.o(i.main) refers to timer.o(i.Init_TIM1_PWM) for Init_TIM1_PWM
    main.o(i.main) refers to ui.o(i.read_from_flash) for read_from_flash
    main.o(i.main) refers to delay.o(i.delay_ms) for delay_ms
    main.o(i.main) refers to noretval__2printf.o(.text) for __2printf
    main.o(i.main) refers to ui.o(i.MenuOperate) for MenuOperate
    system_stm32f10x.o(i.SetSysClock) refers to system_stm32f10x.o(i.SetSysClockTo72) for SetSysClockTo72
    system_stm32f10x.o(i.SystemCoreClockUpdate) refers to system_stm32f10x.o(.data) for SystemCoreClock
    system_stm32f10x.o(i.SystemInit) refers to system_stm32f10x.o(i.SetSysClock) for SetSysClock
    delay.o(i.delay_init) refers to misc.o(i.SysTick_CLKSourceConfig) for SysTick_CLKSourceConfig
    delay.o(i.delay_init) refers to system_stm32f10x.o(.data) for SystemCoreClock
    delay.o(i.delay_init) refers to delay.o(.data) for fac_us
    delay.o(i.delay_ms) refers to delay.o(.data) for fac_ms
    delay.o(i.delay_us) refers to delay.o(.data) for fac_us
    usart.o(i.USART1_IRQHandler) refers (Special) to use_no_semi_2.o(.text) for __use_no_semihosting
    usart.o(i.USART1_IRQHandler) refers to stm32f10x_usart.o(i.USART_GetITStatus) for USART_GetITStatus
    usart.o(i.USART1_IRQHandler) refers to stm32f10x_usart.o(i.USART_ReceiveData) for USART_ReceiveData
    usart.o(i.USART1_IRQHandler) refers to dflt_clz.o(x$fpl$dflt) for __aeabi_i2d
    usart.o(i.USART1_IRQHandler) refers to ddiv.o(x$fpl$ddiv) for __aeabi_ddiv
    usart.o(i.USART1_IRQHandler) refers to dmul.o(x$fpl$dmul) for __aeabi_dmul
    usart.o(i.USART1_IRQHandler) refers to d2f.o(x$fpl$d2f) for __aeabi_d2f
    usart.o(i.USART1_IRQHandler) refers to usart.o(.data) for flag_6
    usart.o(i.USART1_IRQHandler) refers to usart.o(.bss) for USART1_RX_BUF
    usart.o(i.USART1_IRQHandler) refers to moto.o(.data) for angle_cs
    usart.o(i.USART1_Putc) refers (Special) to use_no_semi_2.o(.text) for __use_no_semihosting
    usart.o(i.USART1_Puts) refers (Special) to use_no_semi_2.o(.text) for __use_no_semihosting
    usart.o(i.USART1_Puts) refers to stm32f10x_usart.o(i.USART_GetFlagStatus) for USART_GetFlagStatus
    usart.o(i.USART2_IRQHandler) refers (Special) to use_no_semi_2.o(.text) for __use_no_semihosting
    usart.o(i.USART2_IRQHandler) refers to stm32f10x_usart.o(i.USART_GetITStatus) for USART_GetITStatus
    usart.o(i.USART2_IRQHandler) refers to stm32f10x_usart.o(i.USART_ReceiveData) for USART_ReceiveData
    usart.o(i.USART2_IRQHandler) refers to usart.o(.data) for USART_PRINTF_FLAG
    usart.o(i.USART2_IRQHandler) refers to usart.o(.bss) for USART2_RX_BUF
    usart.o(i.USART2_Putc) refers (Special) to use_no_semi_2.o(.text) for __use_no_semihosting
    usart.o(i.USART2_Puts) refers (Special) to use_no_semi_2.o(.text) for __use_no_semihosting
    usart.o(i.USART2_Puts) refers to stm32f10x_usart.o(i.USART_GetFlagStatus) for USART_GetFlagStatus
    usart.o(i.USART3_IRQHandler) refers (Special) to use_no_semi_2.o(.text) for __use_no_semihosting
    usart.o(i.USART3_IRQHandler) refers to stm32f10x_usart.o(i.USART_GetITStatus) for USART_GetITStatus
    usart.o(i.USART3_IRQHandler) refers to stm32f10x_usart.o(i.USART_ReceiveData) for USART_ReceiveData
    usart.o(i.USART3_IRQHandler) refers to usart.o(.data) for USART3_RX_STA
    usart.o(i.USART3_IRQHandler) refers to usart.o(.bss) for USART3_RX_BUF
    usart.o(i.USART3_Putc) refers (Special) to use_no_semi_2.o(.text) for __use_no_semihosting
    usart.o(i.USART3_Puts) refers (Special) to use_no_semi_2.o(.text) for __use_no_semihosting
    usart.o(i.USART3_Puts) refers to stm32f10x_usart.o(i.USART_GetFlagStatus) for USART_GetFlagStatus
[...]
    DJ_MOVE_BUFF_shuzu                       0x08003aa5   Thumb Code   216  move.o(i.DJ_MOVE_BUFF_shuzu)
    DJ_MOVE_YS                               0x08003b85   Thumb Code    70  moto.o(i.DJ_MOVE_YS)
    DJ_MOVE_YS_XC                            0x08003bdd   Thumb Code    62  moto.o(i.DJ_MOVE_YS_XC)
    DJ_MOVE_ZHUAN                            0x08003c29   Thumb Code  1302  moto.o(i.DJ_MOVE_ZHUAN)
    DJ_MOVE_ZONG                             0x08004169   Thumb Code   104  move.o(i.DJ_MOVE_ZONG)
    DMA_Cmd                                  0x080041d1   Thumb Code    24  stm32f10x_dma.o(i.DMA_Cmd)
    DMA_DeInit                               0x080041e9   Thumb Code   324  stm32f10x_dma.o(i.DMA_DeInit)
    DMA_Init                                 0x08004335   Thumb Code    60  stm32f10x_dma.o(i.DMA_Init)
    Debug                                    0x08004371   Thumb Code   160  ui.o(i.Debug)
    DebugMon_Handler                         0x08004431   Thumb Code     2  stm32f10x_it.o(i.DebugMon_Handler)
    Debug_Set                                0x08004435   Thumb Code   288  ui.o(i.Debug_Set)
    Draw_BMP                                 0x08004591   Thumb Code   106  oled.o(i.Draw_BMP)
    Draw_Power                               0x080045fd   Thumb Code   208  oled.o(i.Draw_Power)
    Drive                                    0x080046d1   Thumb Code   160  ui.o(i.Drive)
    Drive_a                                  0x08004795   Thumb Code   228  ui.o(i.Drive_a)
    FLASH_ErasePage                          0x080048c5   Thumb Code    72  stm32f10x_flash.o(i.FLASH_ErasePage)
    FLASH_GetBank1Status                     0x08004911   Thumb Code    48  stm32f10x_flash.o(i.FLASH_GetBank1Status)
    FLASH_Lock                               0x08004945   Thumb Code    14  stm32f10x_flash.o(i.FLASH_Lock)
    FLASH_ProgramHalfWord                    0x08004959   Thumb Code    60  stm32f10x_flash.o(i.FLASH_ProgramHalfWord)
    FLASH_Unlock                             0x08004999   Thumb Code    12  stm32f10x_flash.o(i.FLASH_Unlock)
    FLASH_WaitForLastOperation               0x080049b1   Thumb Code    38  stm32f10x_flash.o(i.FLASH_WaitForLastOperation)
    GPIO_Init                                0x080049d7   Thumb Code   278  stm32f10x_gpio.o(i.GPIO_Init)
    GPIO_PinRemapConfig                      0x08004aed   Thumb Code   138  stm32f10x_gpio.o(i.GPIO_PinRemapConfig)
    GPIO_ResetBits                           0x08004b7d   Thumb Code     4  stm32f10x_gpio.o(i.GPIO_ResetBits)
    GPIO_SetBits                             0x08004b81   Thumb Code     4  stm32f10x_gpio.o(i.GPIO_SetBits)
    Get_Key_Adc                              0x08004b85   Thumb Code    46  adc_config.o(i.Get_Key_Adc)
    Get_Key_Adc_Average                      0x08004bb9   Thumb Code    40  adc_config.o(i.Get_Key_Adc_Average)
    HardFault_Handler                        0x08004be1   Thumb Code     4  stm32f10x_it.o(i.HardFault_Handler)
    Init_BMQ                                 0x08004be5   Thumb Code   564  timer.o(i.Init_BMQ)
    Init_TIM1_PWM                            0x08004e35   Thumb Code   210  timer.o(i.Init_TIM1_PWM)
    Init_TIM8_PWM                            0x08004f15   Thumb Code   250  timer.o(i.Init_TIM8_PWM)
    Internet_Set                             0x08005019   Thumb Code   160  ui.o(i.Internet_Set)
    LCD_16_HanZi_ASCII                       0x080050d9   Thumb Code   128  oled.o(i.LCD_16_HanZi_ASCII)
    LCD_CLS                                  0x08005159   Thumb Code    56  oled.o(i.LCD_CLS)
    LCD_CLS_06                               0x08005191   Thumb Code    56  oled.o(i.LCD_CLS_06)
    LCD_DLY_ms                               0x080051c9   Thumb Code    28  oled.o(i.LCD_DLY_ms)
    LCD_P16x16Str                            0x080051e5   Thumb Code   246  oled.o(i.LCD_P16x16Str)
    LCD_P8x16Str                             0x080052e5   Thumb Code   130  oled.o(i.LCD_P8x16Str)
    LCD_Set_Pos                              0x0800536d   Thumb Code    36  oled.o(i.LCD_Set_Pos)
    LCD_WrCmd                                0x08005391   Thumb Code    90  oled.o(i.LCD_WrCmd)
    LCD_WrDat                                0x080053f1   Thumb Code    94  oled.o(i.LCD_WrDat)
    MemManage_Handler                        0x08005455   Thumb Code     4  stm32f10x_it.o(i.MemManage_Handler)
    MenuOperate                              0x08005459   Thumb Code   200  ui.o(i.MenuOperate)
    NMI_Handler                              0x08005531   Thumb Code     2  stm32f10x_it.o(i.NMI_Handler)
    NVIC_Init                                0x08005535   Thumb Code   100  misc.o(i.NVIC_Init)
    NVIC_PriorityGroupConfig                 0x080055a5   Thumb Code    10  misc.o(i.NVIC_PriorityGroupConfig)
    Net_a                                    0x080055b9   Thumb Code   210  ui.o(i.Net_a)
    Net_b                                    0x080056c1   Thumb Code   210  ui.o(i.Net_b)
    Net_c                                    0x080057c9   Thumb Code   210  ui.o(i.Net_c)
    Net_d                                    0x080058d1   Thumb Code  2270  ui.o(i.Net_d)
    Net_e                                    0x080061b5   Thumb Code  2362  ui.o(i.Net_e)
    Net_f                                    0x08006af5   Thumb Code  2270  ui.o(i.Net_f)
    OLCD_Fill                                0x080073d9   Thumb Code    58  oled.o(i.OLCD_Fill)
    OLED_CLS                                 0x08007415   Thumb Code    86  oled2.o(i.OLED_CLS)
    OLED_CLS_67                              0x08007475   Thumb Code    86  oled2.o(i.OLED_CLS_67)
    OLED_DrawHanzi                           0x080074d5   Thumb Code   238  oled2.o(i.OLED_DrawHanzi)
    OLED_DrawPicture                         0x080075cd   Thumb Code   142  oled2.o(i.OLED_DrawPicture)
    OLED_DrawPoint                           0x0800765d   Thumb Code    92  oled2.o(i.OLED_DrawPoint)
    OLED_Init                                0x080076bd   Thumb Code   266  oled.o(i.OLED_Init)
    OLED_Refresh                             0x080077cd   Thumb Code   120  oled2.o(i.OLED_Refresh)
    OLED_ShowxcChar                          0x0800784d   Thumb Code   254  oled2.o(i.OLED_ShowxcChar)
    OLED_ShowxcNum                           0x08007959   Thumb Code   168  oled2.o(i.OLED_ShowxcNum)
    OLED_ShowxcString                        0x08007a01   Thumb Code   112  oled2.o(i.OLED_ShowxcString)
    OLED_WR_Byte                             0x08007a71   Thumb Code   108  oled2.o(i.OLED_WR_Byte)
    OLED_tou                                 0x08007ae1   Thumb Code   312  ui.o(i.OLED_tou)
    PWM_PID                                  0x08007c69   Thumb Code   166  moto.o(i.PWM_PID)
    PWM_SET                                  0x08007d15   Thumb Code   188  moto.o(i.PWM_SET)
    PendSV_Handler                           0x08007e01   Thumb Code     2  stm32f10x_it.o(i.PendSV_Handler)
    RCC_ADCCLKConfig                         0x08007e05   Thumb Code    18  stm32f10x_rcc.o(i.RCC_ADCCLKConfig)
    RCC_AHBPeriphClockCmd                    0x08007e1d   Thumb Code    26  stm32f10x_rcc.o(i.RCC_AHBPeriphClockCmd)
    RCC_APB1PeriphClockCmd                   0x08007e3d   Thumb Code    26  stm32f10x_rcc.o(i.RCC_APB1PeriphClockCmd)
    RCC_APB1PeriphResetCmd                   0x08007e5d   Thumb Code    26  stm32f10x_rcc.o(i.RCC_APB1PeriphResetCmd)
    RCC_APB2PeriphClockCmd                   0x08007e7d   Thumb Code    26  stm32f10x_rcc.o(i.RCC_APB2PeriphClockCmd)
    RCC_APB2PeriphResetCmd                   0x08007e9d   Thumb Code    26  stm32f10x_rcc.o(i.RCC_APB2PeriphResetCmd)
    RCC_GetClocksFreq                        0x08007ebd   Thumb Code   192  stm32f10x_rcc.o(i.RCC_GetClocksFreq)
    STMFLASH_Read                            0x08007f91   Thumb Code    34  stmflash.o(i.STMFLASH_Read)
    STMFLASH_ReadHalfWord                    0x08007fb3   Thumb Code     6  stmflash.o(i.STMFLASH_ReadHalfWord)
    STMFLASH_Write                           0x08007fb9   Thumb Code   222  stmflash.o(i.STMFLASH_Write)
    STMFLASH_Write_NoCheck                   0x080080a1   Thumb Code    38  stmflash.o(i.STMFLASH_Write_NoCheck)
    SVC_Handler                              0x080080c7   Thumb Code     2  stm32f10x_it.o(i.SVC_Handler)
    Set_188                                  0x080081b1   Thumb Code   184  ui.o(i.Set_188)
    Set_188_a                                0x08008299   Thumb Code    64  ui.o(i.Set_188_a)
    Set_a                                    0x080082e1   Thumb Code   296  ui.o(i.Set_a)
    Set_b                                    0x08008445   Thumb Code   216  ui.o(i.Set_b)
    Set_c                                    0x0800855d   Thumb Code   214  ui.o(i.Set_c)
    Set_d                                    0x08008675   Thumb Code   216  ui.o(i.Set_d)
    Set_e                                    0x0800878d   Thumb Code   480  ui.o(i.Set_e)
    Set_f                                    0x080089ad   Thumb Code   368  ui.o(i.Set_f)
    Set_g                                    0x08008b5d   Thumb Code   370  ui.o(i.Set_g)
    St178_Scanf                              0x08008d11   Thumb Code  1244  st178.o(i.St178_Scanf)
    St188_Scanf                              0x08009209   Thumb Code  2626  st178.o(i.St188_Scanf)
    SysTick_CLKSourceConfig                  0x08009c95   Thumb Code    40  misc.o(i.SysTick_CLKSourceConfig)
    SysTick_Handler                          0x08009cbd   Thumb Code     2  stm32f10x_it.o(i.SysTick_Handler)
    SystemInit                               0x08009cc1   Thumb Code    78  system_stm32f10x.o(i.SystemInit)
    TIM6_IRQHandler                          0x08009f61   Thumb Code   194  exti.o(i.TIM6_IRQHandler)
    TIM7_BaseTime_Init                       0x0800a045   Thumb Code    88  moto.o(i.TIM7_BaseTime_Init)
    TIM7_IRQHandler                          0x0800a0a1   Thumb Code  1900  moto.o(i.TIM7_IRQHandler)
    TIM_ARRPreloadConfig                     0x0800a845   Thumb Code    24  stm32f10x_tim.o(i.TIM_ARRPreloadConfig)
    TIM_ClearITPendingBit                    0x0800a85d   Thumb Code     6  stm32f10x_tim.o(i.TIM_ClearITPendingBit)
    TIM_Cmd                                  0x0800a863   Thumb Code    24  stm32f10x_tim.o(i.TIM_Cmd)
    TIM_CtrlPWMOutputs                       0x0800a87b   Thumb Code    30  stm32f10x_tim.o(i.TIM_CtrlPWMOutputs)
    TIM_DeInit                               0x0800a899   Thumb Code   424  stm32f10x_tim.o(i.TIM_DeInit)
    TIM_EncoderInterfaceConfig               0x0800aa81   Thumb Code    66  stm32f10x_tim.o(i.TIM_EncoderInterfaceConfig)
    TIM_GetITStatus                          0x0800aac3   Thumb Code    34  stm32f10x_tim.o(i.TIM_GetITStatus)
    TIM_ICInit                               0x0800aae5   Thumb Code   150  stm32f10x_tim.o(i.TIM_ICInit)
    TIM_ICStructInit                         0x0800ab91   Thumb Code    18  stm32f10x_tim.o(i.TIM_ICStructInit)
    TIM_ITConfig                             0x0800aba3   Thumb Code    18  stm32f10x_tim.o(i.TIM_ITConfig)
    TIM_OC1Init                              0x0800abb5   Thumb Code   132  stm32f10x_tim.o(i.TIM_OC1Init)
    TIM_OC1PreloadConfig                     0x0800ac4d   Thumb Code    18  stm32f10x_tim.o(i.TIM_OC1PreloadConfig)
    TIM_OC2Init                              0x0800ac61   Thumb Code   154  stm32f10x_tim.o(i.TIM_OC2Init)
    TIM_OC2PreloadConfig                     0x0800ad05   Thumb Code    26  stm32f10x_tim.o(i.TIM_OC2PreloadConfig)
    TIM_OC3Init                              0x0800ad21   Thumb Code   150  stm32f10x_tim.o(i.TIM_OC3Init)
    TIM_OC3PreloadConfig                     0x0800adc1   Thumb Code    18  stm32f10x_tim.o(i.TIM_OC3PreloadConfig)
    TIM_OC4Init                              0x0800add5   Thumb Code   114  stm32f10x_tim.o(i.TIM_OC4Init)
    TIM_OC4PreloadConfig                     0x0800ae51   Thumb Code    26  stm32f10x_tim.o(i.TIM_OC4PreloadConfig)
    TIM_SetCompare1                          0x0800ae6b   Thumb Code     4  stm32f10x_tim.o(i.TIM_SetCompare1)
    TIM_SetCompare2                          0x0800ae6f   Thumb Code     4  stm32f10x_tim.o(i.TIM_SetCompare2)
    TIM_SetCompare3                          0x0800ae73   Thumb Code     4  stm32f10x_tim.o(i.TIM_SetCompare3)
    TIM_SetCompare4                          0x0800ae77   Thumb Code     6  stm32f10x_tim.o(i.TIM_SetCompare4)
    TIM_SetIC1Prescaler                      0x0800ae7d   Thumb Code    18  stm32f10x_tim.o(i.TIM_SetIC1Prescaler)
    TIM_SetIC2Prescaler                      0x0800ae8f   Thumb Code    26  stm32f10x_tim.o(i.TIM_SetIC2Prescaler)
    TIM_SetIC3Prescaler                      0x0800aea9   Thumb Code    18  stm32f10x_tim.o(i.TIM_SetIC3Prescaler)
    TIM_SetIC4Prescaler                      0x0800aebb   Thumb Code    26  stm32f10x_tim.o(i.TIM_SetIC4Prescaler)
    TIM_TimeBaseInit                         0x0800aed5   Thumb Code   122  stm32f10x_tim.o(i.TIM_TimeBaseInit)
    Temp_Set                                 0x0800af79   Thumb Code   160  ui.o(i.Temp_Set)
    USART1_IRQHandler                        0x0800b039   Thumb Code   224  usart.o(i.USART1_IRQHandler)
    USART2_IRQHandler                        0x0800b13d   Thumb Code   122  usart.o(i.USART2_IRQHandler)
    USART3_IRQHandler                        0x0800b1c9   Thumb Code   124  usart.o(i.USART3_IRQHandler)
    USART_Cmd                                0x0800b255   Thumb Code    24  stm32f10x_usart.o(i.USART_Cmd)
    USART_GetFlagStatus                      0x0800b26d   Thumb Code    26  stm32f10x_usart.o(i.USART_GetFlagStatus)
    USART_GetITStatus                        0x0800b287   Thumb Code    84  stm32f10x_usart.o(i.USART_GetITStatus)
    USART_ITConfig                           0x0800b2db   Thumb Code    74  stm32f10x_usart.o(i.USART_ITConfig)
    USART_Init                               0x0800b325   Thumb Code   210  stm32f10x_usart.o(i.USART_Init)
    USART_ReceiveData                        0x0800b3fd   Thumb Code    10  stm32f10x_usart.o(i.USART_ReceiveData)
    USART_SendData                           0x0800b407   Thumb Code     8  stm32f10x_usart.o(i.USART_SendData)
    UsageFault_Handler                       0x0800b40f   Thumb Code     4  stm32f10x_it.o(i.UsageFault_Handler)
    WEI_PID                                  0x0800b415   Thumb Code   600  moto.o(i.WEI_PID)
    XIANFU                                   0x0800b6b9   Thumb Code    34  moto.o(i.XIANFU)
    __ARM_fpclassify                         0x0800b6e1   Thumb Code    40  fpclassify.o(i.__ARM_fpclassify)
    __kernel_poly                            0x0800b709   Thumb Code   170  poly.o(i.__kernel_poly)
    __mathlib_dbl_divzero                    0x0800b7b5   Thumb Code    12  dunder.o(i.__mathlib_dbl_divzero)
    __mathlib_dbl_infnan2                    0x0800b7c5   Thumb Code     4  dunder.o(i.__mathlib_dbl_infnan2)
    __mathlib_dbl_invalid                    0x0800b7c9   Thumb Code    12  dunder.o(i.__mathlib_dbl_invalid)
    __mathlib_dbl_overflow                   0x0800b7d5   Thumb Code    14  dunder.o(i.__mathlib_dbl_overflow)
    __mathlib_dbl_underflow                  0x0800b7e5   Thumb Code    10  dunder.o(i.__mathlib_dbl_underflow)
    _sys_exit                                0x0800b7f5   Thumb Code     4  usart.o(i._sys_exit)
    bxcls                                    0x0800b7f9   Thumb Code     8  st178.o(i.bxcls)
    ce_1                                     0x0800b805   Thumb Code    12  move.o(i.ce_1)
    ce_2                                     0x0800b815   Thumb Code    12  move.o(i.ce_2)
    change                                   0x0800b825   Thumb Code   942  ui.o(i.change)
    delay_init                               0x0800bbfd   Thumb Code    50  delay.o(i.delay_init)
    delay_ms                                 0x0800bc41   Thumb Code    72  delay.o(i.delay_ms)
    fputc                                    0x0800bc8d   Thumb Code   100  usart.o(i.fputc)
    main                                     0x0800bd01   Thumb Code   116  main.o(i.main)
    oled_pow                                 0x0800bd85   Thumb Code    22  oled2.o(i.oled_pow)
    pow                                      0x0800bd9d   Thumb Code  2512  pow.o(i.pow)
    read_from_flash                          0x0800c775   Thumb Code   136  ui.o(i.read_from_flash)
    save_to_flash                            0x0800c815   Thumb Code   192  ui.o(i.save_to_flash)
    shuzu                                    0x0800c8ed   Thumb Code   230  move.o(i.shuzu)
    sqrt                                     0x0800c9d3   Thumb Code    76  sqrt.o(i.sqrt)
    stop                                     0x0800ca21   Thumb Code    82  moto.o(i.stop)
    uart1_init                               0x0800ca9d   Thumb Code   150  usart.o(i.uart1_init)
    uart2_init                               0x0800cb3d   Thumb Code   156  usart.o(i.uart2_init)
    uart3_init                               0x0800cbe1   Thumb Code   158  usart.o(i.uart3_init)
    zuodongzuo                               0x0800cc89   Thumb Code   550  exti.o(i.zuodongzuo)
    __aeabi_d2f                              0x0800cecd   Thumb Code     0  d2f.o(x$fpl$d2f)
    _d2f                                     0x0800cecd   Thumb Code    98  d2f.o(x$fpl$d2f)
    __aeabi_dadd                             0x0800cf31   Thumb Code     0  daddsub_clz.o(x$fpl$dadd)
    _dadd                                    0x0800cf31   Thumb Code   332  daddsub_clz.o(x$fpl$dadd)
    __fpl_dcheck_NaN1                        0x0800d081   Thumb Code    10  dcheck1.o(x$fpl$dcheck1)
    __fpl_dcmp_Inf                           0x0800d091   Thumb Code    24  dcmpi.o(x$fpl$dcmpinf)
    __aeabi_ddiv                             0x0800d0a9   Thumb Code     0  ddiv.o(x$fpl$ddiv)
    _ddiv                                    0x0800d0a9   Thumb Code   552  ddiv.o(x$fpl$ddiv)
    __aeabi_d2iz                             0x0800d359   Thumb Code     0  dfix.o(x$fpl$dfix)
    _dfix                                    0x0800d359   Thumb Code    94  dfix.o(x$fpl$dfix)
    __aeabi_i2d                              0x0800d3b7   Thumb Code     0  dflt_clz.o(x$fpl$dflt)
    _dflt                                    0x0800d3b7   Thumb Code    46  dflt_clz.o(x$fpl$dflt)
    __aeabi_ui2d                             0x0800d3e5   Thumb Code     0  dflt_clz.o(x$fpl$dfltu)
    _dfltu                                   0x0800d3e5   Thumb Code    38  dflt_clz.o(x$fpl$dfltu)
    __aeabi_cdcmple                          0x0800d40d   Thumb Code     0  dleqf.o(x$fpl$dleqf)
    _dcmple                                  0x0800d40d   Thumb Code   120  dleqf.o(x$fpl$dleqf)
    __fpl_dcmple_InfNaN                      0x0800d46f   Thumb Code     0  dleqf.o(x$fpl$dleqf)
    __aeabi_dmul                             0x0800d485   Thumb Code     0  dmul.o(x$fpl$dmul)
    _dmul                                    0x0800d485   Thumb Code   332  dmul.o(x$fpl$dmul)
    __fpl_dnaninf                            0x0800d5d9   Thumb Code   156  dnaninf.o(x$fpl$dnaninf)
    __fpl_dretinf                            0x0800d675   Thumb Code    12  dretinf.o(x$fpl$dretinf)
    __aeabi_cdrcmple                         0x0800d681   Thumb Code     0  drleqf.o(x$fpl$drleqf)
    _drcmple                                 0x0800d681   Thumb Code   108  drleqf.o(x$fpl$drleqf)
    __aeabi_drsub                            0x0800d6ed   Thumb Code     0  daddsub_clz.o(x$fpl$drsb)
    _drsb                                    0x0800d6ed   Thumb Code    22  daddsub_clz.o(x$fpl$drsb)
    _dsqrt                                   0x0800d705   Thumb Code   456  dsqrt_noumaal.o(x$fpl$dsqrt)
    __aeabi_dsub                             0x0800d8d1   Thumb Code     0  daddsub_clz.o(x$fpl$dsub)
    _dsub                                    0x0800d8d1   Thumb Code   464  daddsub_clz.o(x$fpl$dsub)
    __aeabi_f2d                              0x0800daa5   Thumb Code     0  f2d.o(x$fpl$f2d)
    _f2d                                     0x0800daa5   Thumb Code    86  f2d.o(x$fpl$f2d)
    __aeabi_fadd                             0x0800dafd   Thumb Code     0  faddsub_clz.o(x$fpl$fadd)
    _fadd                                    0x0800dafd   Thumb Code   196  faddsub_clz.o(x$fpl$fadd)
    __fpl_fcmp_Inf                           0x0800dbc1   Thumb Code    24  fcmpi.o(x$fpl$fcmpinf)
    __aeabi_cfcmpeq                          0x0800dbd9   Thumb Code     0  feqf.o(x$fpl$feqf)
    _fcmpeq                                  0x0800dbd9   Thumb Code   104  feqf.o(x$fpl$feqf)
    __aeabi_f2iz                             0x0800dc41   Thumb Code     0  ffix.o(x$fpl$ffix)
    _ffix                                    0x0800dc41   Thumb Code    54  ffix.o(x$fpl$ffix)
    __aeabi_i2f                              0x0800dc79   Thumb Code     0  fflt_clz.o(x$fpl$fflt)
    _fflt                                    0x0800dc79   Thumb Code    48  fflt_clz.o(x$fpl$fflt)
    __aeabi_ui2f                             0x0800dca9   Thumb Code     0  fflt_clz.o(x$fpl$ffltu)
    _ffltu                                   0x0800dca9   Thumb Code    38  fflt_clz.o(x$fpl$ffltu)
    __aeabi_cfcmple                          0x0800dcd1   Thumb Code     0  fleqf.o(x$fpl$fleqf)
    _fcmple                                  0x0800dcd1   Thumb Code   104  fleqf.o(x$fpl$fleqf)
    __fpl_fcmple_InfNaN                      0x0800dd23   Thumb Code     0  fleqf.o(x$fpl$fleqf)
    __aeabi_fmul                             0x0800dd39   Thumb Code     0  fmul.o(x$fpl$fmul)
    _fmul                                    0x0800dd39   Thumb Code   258  fmul.o(x$fpl$fmul)
    __fpl_fnaninf                            0x0800de3b   Thumb Code   140  fnaninf.o(x$fpl$fnaninf)
    __fpl_fretinf                            0x0800dec7   Thumb Code    10  fretinf.o(x$fpl$fretinf)
    __aeabi_cfrcmple                         0x0800ded1   Thumb Code     0  frleqf.o(x$fpl$frleqf)
    _frcmple                                 0x0800ded1   Thumb Code    98  frleqf.o(x$fpl$frleqf)
    __aeabi_frsub                            0x0800df33   Thumb Code     0  faddsub_clz.o(x$fpl$frsb)
    _frsb                                    0x0800df33   Thumb Code    20  faddsub_clz.o(x$fpl$frsb)
    __aeabi_fsub                             0x0800df49   Thumb Code     0  faddsub_clz.o(x$fpl$fsub)
    _fsub                                    0x0800df49   Thumb Code   234  faddsub_clz.o(x$fpl$fsub)
    __fpl_return_NaN                         0x0800e033   Thumb Code   100  retnan.o(x$fpl$retnan)
    __ARM_scalbn                             0x0800e097   Thumb Code    92  scalbn.o(x$fpl$scalbn)
    __fpl_cmpreturn                          0x0800e0f3   Thumb Code    48  trapv.o(x$fpl$trapveneer)
    F6x8                                     0x0800e122   Data         552  oled.o(.constdata)
    __I$use$fp                               0x0800e122   Number         0  usenofp.o(x$fpl$usenofp)
    ST16x16_Idx                              0x0800e34a   Data         269  oled.o(.constdata)
    ST16x16                                  0x0800e457   Data        4288  oled.o(.constdata)
    F14x16_Idx                               0x0800f517   Data          37  oled.o(.constdata)
    F14x16                                   0x0800f53c   Data         504  oled.o(.constdata)
    F8X16                                    0x0800f734   Data        1520  oled.o(.constdata)
    F6x88                                    0x0800fd24   Data         552  oled2.o(.constdata)
    F88X16                                   0x0800ff4c   Data        1520  oled2.o(.constdata)
    asc2_1206                                0x0801053c   Data        1140  oled2.o(.constdata)
    asc2_1608                                0x080109b0   Data        1520  oled2.o(.constdata)
    asc2_2412                                0x08010fa0   Data        3420  oled2.o(.constdata)
    gImage_set                               0x08011cfc   Data          72  oled2.o(.constdata)
    gImage_music_l                           0x08011d44   Data          72  oled2.o(.constdata)
    gImage_Record                            0x08011d8c   Data          72  oled2.o(.constdata)
    gImage_Game                              0x08011dd4   Data          72  oled2.o(.constdata)
    gImage_txt                               0x08011e1c   Data          72  oled2.o(.constdata)
    gImage_Internet                          0x08011e64   Data          72  oled2.o(.constdata)
    gImage_Nrf                               0x08011eac   Data          72  oled2.o(.constdata)
    gImage_Tem                               0x08011ef4   Data          72  oled2.o(.constdata)
    gImage_timer                             0x08011f3c   Data          72  oled2.o(.constdata)
    gImage_benz                              0x08011f84   Data          72  oled2.o(.constdata)
    hanzi                                    0x08011fcc   Data         768  oled2.o(.constdata)
    miaobiao                                 0x080122cc   Data        1584  oled2.o(.constdata)
    OLED_ST16x16_Idx                         0x080128fc   Data          77  oled2.o(.constdata)
    OLED_ST16x16                             0x08012949   Data        1216  oled2.o(.constdata)
    xiaohanzi                                0x08012e09   Data          16  oled2.o(.constdata)
    __mathlib_zero                           0x08012ea8   Data           8  qnan.o(.constdata)
    Region$$Table$$Base                      0x08012eb0   Number         0  anon$$obj.o(Region$$Table)
    Region$$Table$$Limit                     0x08012ed0   Number         0  anon$$obj.o(Region$$Table)
    SystemCoreClock                          0x20000000   Data           4  system_stm32f10x.o(.data)
    AHBPrescTable                            0x20000004   Data          16  system_stm32f10x.o(.data)
    USART_PRINTF_FLAG                        0x20000018   Data           4  usart.o(.data)
    __stdout                                 0x2000001c   Data           4  usart.o(.data)
    USART1_RX_STA                            0x20000020   Data           2  usart.o(.data)
    f                                        0x20000022   Data           1  usart.o(.data)
    flag_6                                   0x20000023   Data           1  usart.o(.data)
    angle_6                                  0x20000024   Data           4  usart.o(.data)
    USART2_RX_STA                            0x20000028   Data           2  usart.o(.data)
    USART3_RX_STA                            0x2000002a   Data           2  usart.o(.data)
    RX3_count                                0x2000002c   Data           2  usart.o(.data)
    x_c                                      0x2000002e   Data           1  usart.o(.data)
    DZXYlogo                                 0x20000045   Data        1024  oled.o(.data)
    TZXYlogo                                 0x20000445   Data         512  oled.o(.data)
    weizhi                                   0x20000645   Data         256  oled.o(.data)
    dianchi                                  0x20000745   Data          64  oled.o(.data)
    xinghao                                  0x20000785   Data          64  oled.o(.data)
    xinghao2                                 0x200007c5   Data          64  oled.o(.data)
    xinghao3                                 0x20000805   Data          64  oled.o(.data)
    xinghao4                                 0x20000845   Data          32  oled.o(.data)
    shitou                                   0x20000865   Data         288  oled.o(.data)
    jiandao                                  0x20000985   Data         288  oled.o(.data)
    bu                                       0x20000aa5   Data         288  oled.o(.data)
    Key_Num                                  0x20000bc6   Data           1  adc_config.o(.data)
    Keykey_Flag                              0x20000bc7   Data           1  adc_config.o(.data)
    KEY_TYPE                                 0x20000bc8   Data           1  adc_config.o(.data)
    oled_st188                               0x20000bd0   Data           1  st178.o(.data)
    DEF_FLAGE                                0x20000bd1   Data           1  st178.o(.data)
    chazhi_qh                                0x20000bd4   Data           4  st178.o(.data)
    chazhi_zy                                0x20000bd8   Data           4  st178.o(.data)
    q_q                                      0x20000bdc   Data           1  st178.o(.data)
    h_h                                      0x20000bdd   Data           1  st178.o(.data)
    q_q_q                                    0x20000bde   Data           1  st178.o(.data)
    h_h_h                                    0x20000bdf   Data           1  st178.o(.data)
    z_z                                      0x20000be0   Data           1  st178.o(.data)
    y_y                                      0x20000be1   Data           1  st178.o(.data)
    z_z_z                                    0x20000be2   Data           1  st178.o(.data)
    y_y_y                                    0x20000be3   Data           1  st178.o(.data)
    BX_FLAGE                                 0x20000be4   Data           1  st178.o(.data)
    st188_date1sum                           0x20000be8   Data           8  st178.o(.data)
    st188_date2sum                           0x20000bf0   Data           8  st178.o(.data)
    st188_date3sum                           0x20000bf8   Data           8  st178.o(.data)
    st188_date4sum                           0x20000c00   Data           8  st178.o(.data)
    qian_sum                                 0x20000c08   Data           4  st178.o(.data)
    hou_sum                                  0x20000c0c   Data           4  st178.o(.data)
    zuo_sum                                  0x20000c10   Data           4  st178.o(.data)
    you_sum                                  0x20000c14   Data           4  st178.o(.data)
    shu_z                                    0x20000c18   Data           8  st178.o(.data)
    shu_y                                    0x20000c20   Data           8  st178.o(.data)
    turn_af                                  0x20000c2c   Data           1  moto.o(.data)
    dl                                       0x20000c2e   Data           2  moto.o(.data)
    ii                                       0x20000c30   Data           4  moto.o(.data)
    tt                                       0x20000c34   Data           2  moto.o(.data)
    FX                                       0x20000c36   Data           1  moto.o(.data)
    pwm_time                                 0x20000c38   Data           4  moto.o(.data)
    sum_flag                                 0x20000c3c   Data           2  moto.o(.data)
    sum_value                                0x20000c3e   Data           2  moto.o(.data)
    pidflag                                  0x20000c40   Data           1  moto.o(.data)
    sum_value1                               0x20000c42   Data           2  moto.o(.data)
    sum_value2                               0x20000c44   Data           2  moto.o(.data)
    sum_cha                                  0x20000c46   Data           2  moto.o(.data)
    angle_cs                                 0x20000c48   Data           4  moto.o(.data)
    KP                                       0x20000c4c   Data           4  moto.o(.data)
    KI                                       0x20000c50   Data           4  moto.o(.data)
    KD                                       0x20000c54   Data           4  moto.o(.data)
    stop_TIM                                 0x20000c58   Data           1  moto.o(.data)
    tim7_start                               0x20000c59   Data           1  moto.o(.data)
    velocity_PID_KP_qh                       0x20000c5a   Data           5  moto.o(.data)
    velocity_PID_KD_qh                       0x20000c5f   Data           5  moto.o(.data)
    g_nInterrupt_Count                       0x20000c64   Data           1  moto.o(.data)
    velocity_KP                              0x20000c68   Data           4  moto.o(.data)
    velocity_KI                              0x20000c6c   Data           4  moto.o(.data)
    velocity_KD                              0x20000c70   Data           4  moto.o(.data)
    Encoder_Integral                         0x20000c74   Data           4  moto.o(.data)
    ll_PWM                                   0x20000c78   Data           4  moto.o(.data)
    lr_PWM                                   0x20000c7c   Data           4  moto.o(.data)
    bl_PWM                                   0x20000c80   Data           4  moto.o(.data)
    br_PWM                                   0x20000c84   Data           4  moto.o(.data)
    speed                                    0x20000c88   Data           4  moto.o(.data)
    speed_carrage                            0x20000c8c   Data          10  moto.o(.data)
    FLAG                                     0x20000ca0   Data           1  move.o(.data)
    move_BUFF_SET_hang                       0x20000ca1   Data           1  move.o(.data)
    move_BUFF_SET2_hang                      0x20000ca2   Data           1  move.o(.data)
    move_BUFF_SET3_hang                      0x20000ca3   Data           1  move.o(.data)
    ce_move1_BUFF                            0x20000ca4   Data         110  move.o(.data)
    ce_move2_BUFF                            0x20000d12   Data         110  move.o(.data)
    chu_1                                    0x20000d80   Data          66  move.o(.data)
    chu_2                                    0x20000dc2   Data          44  move.o(.data)
    zhiling                                  0x20000df0   Data         180  ui.o(.data)
    yy11                                     0x20000ea4   Data           5  ui.o(.data)
    yy12                                     0x20000ea9   Data          80  ui.o(.data)
    yy13                                     0x20000ef9   Data          30  ui.o(.data)
    yy14                                     0x20000f17   Data          70  ui.o(.data)
    yy15                                     0x20000f5d   Data          40  ui.o(.data)
    yy16                                     0x20000f85   Data          75  ui.o(.data)
    oo11                                     0x20000fd0   Data         230  ui.o(.data)
    oo12                                     0x200010b6   Data         235  ui.o(.data)
    oo13                                     0x200011a1   Data          30  ui.o(.data)
    oo14                                     0x200011bf   Data           5  ui.o(.data)
    oo15                                     0x200011c4   Data           5  ui.o(.data)
    oo16                                     0x200011c9   Data           5  ui.o(.data)
    zz11                                     0x200011ce   Data          75  ui.o(.data)
    zz12                                     0x20001219   Data          65  ui.o(.data)
    zz13                                     0x2000125a   Data          60  ui.o(.data)
    zz14                                     0x20001296   Data         110  ui.o(.data)
    zz15                                     0x20001304   Data         115  ui.o(.data)
    zz16                                     0x20001377   Data          80  ui.o(.data)
    ss11                                     0x200013c7   Data         100  ui.o(.data)
    ss12                                     0x2000142b   Data         115  ui.o(.data)
    ss13                                     0x2000149e   Data           5  ui.o(.data)
    ss14                                     0x200014a3   Data           5  ui.o(.data)
    ss15                                     0x200014a8   Data           5  ui.o(.data)
    ss16                                     0x200014ad   Data           5  ui.o(.data)
    xx11                                     0x200014b2   Data         100  ui.o(.data)
    xx12                                     0x20001516   Data         115  ui.o(.data)
    xx13                                     0x20001589   Data           5  ui.o(.data)
    xx14                                     0x2000158e   Data           5  ui.o(.data)
    xx15                                     0x20001593   Data           5  ui.o(.data)
    xx16                                     0x20001598   Data          75  ui.o(.data)
    yy21                                     0x200015e3   Data         110  ui.o(.data)
    yy22                                     0x20001651   Data          70  ui.o(.data)
    yy23                                     0x20001697   Data          70  ui.o(.data)
    yy24                                     0x200016dd   Data          70  ui.o(.data)
    yy25                                     0x20001723   Data           5  ui.o(.data)
    yy26                                     0x20001728   Data           5  ui.o(.data)
    oo21                                     0x2000172d   Data           5  ui.o(.data)
    oo22                                     0x20001732   Data          30  ui.o(.data)
    oo23                                     0x20001750   Data          40  ui.o(.data)
    oo24                                     0x20001778   Data          40  ui.o(.data)
    oo25                                     0x200017a0   Data          80  ui.o(.data)
    oo26                                     0x200017f0   Data          80  ui.o(.data)
    zz21                                     0x20001840   Data         110  ui.o(.data)
    zz22                                     0x200018ae   Data         100  ui.o(.data)
    zz23                                     0x20001912   Data          90  ui.o(.data)
    zz24                                     0x2000196c   Data         130  ui.o(.data)
    zz25                                     0x200019ee   Data         110  ui.o(.data)
    zz26                                     0x20001a5c   Data          90  ui.o(.data)
    ss21                                     0x20001ab6   Data         110  ui.o(.data)
    ss22                                     0x20001b24   Data          85  ui.o(.data)
    ss23                                     0x20001b79   Data          90  ui.o(.data)
    ss24                                     0x20001bd3   Data           5  ui.o(.data)
    ss25                                     0x20001bd8   Data         140  ui.o(.data)
    ss26                                     0x20001c64   Data          95  ui.o(.data)
    xx21                                     0x20001cc3   Data         110  ui.o(.data)
    xx22                                     0x20001d31   Data           5  ui.o(.data)
    xx23                                     0x20001d36   Data           5  ui.o(.data)
    xx24                                     0x20001d3b   Data           5  ui.o(.data)
    xx25                                     0x20001d40   Data         115  ui.o(.data)
    xx26                                     0x20001db3   Data           5  ui.o(.data)
    yy31                                     0x20001db8   Data         140  ui.o(.data)
    yy32                                     0x20001e44   Data         125  ui.o(.data)
    yy33                                     0x20001ec1   Data         125  ui.o(.data)
    yy34                                     0x20001f3e   Data         105  ui.o(.data)
    yy35                                     0x20001fa7   Data         110  ui.o(.data)
    yy36                                     0x20002015   Data         140  ui.o(.data)
    oo31                                     0x200020a1   Data         110  ui.o(.data)
    oo32                                     0x2000210f   Data         110  ui.o(.data)
    oo33                                     0x2000217d   Data         130  ui.o(.data)
    oo34                                     0x200021ff   Data          75  ui.o(.data)
    oo35                                     0x2000224a   Data          90  ui.o(.data)
    oo36                                     0x200022a4   Data          95  ui.o(.data)
    zz31                                     0x20002303   Data         140  ui.o(.data)
    zz32                                     0x2000238f   Data         120  ui.o(.data)
    zz33                                     0x20002407   Data         120  ui.o(.data)
    zz34                                     0x2000247f   Data          65  ui.o(.data)
    zz35                                     0x200024c0   Data         140  ui.o(.data)
    zz36                                     0x2000254c   Data          65  ui.o(.data)
    ss31                                     0x2000258d   Data         140  ui.o(.data)
    ss32                                     0x20002619   Data          60  ui.o(.data)
    ss33                                     0x20002655   Data          35  ui.o(.data)
    ss34                                     0x20002678   Data          55  ui.o(.data)
    ss35                                     0x200026af   Data         145  ui.o(.data)
    ss36                                     0x20002740   Data          70  ui.o(.data)
    xx31                                     0x20002786   Data         140  ui.o(.data)
    xx32                                     0x20002812   Data           5  ui.o(.data)
    xx33                                     0x20002817   Data           5  ui.o(.data)
    xx34                                     0x2000281c   Data           5  ui.o(.data)
    xx35                                     0x20002821   Data          70  ui.o(.data)
    xx36                                     0x20002867   Data          70  ui.o(.data)
    move_flag                                0x200028ad   Data           1  ui.o(.data)
    move_flag1                               0x200028ae   Data           1  ui.o(.data)
    move_flag2                               0x200028af   Data           1  ui.o(.data)
    move_flag3                               0x200028b0   Data           1  ui.o(.data)
    KeyFuncIndex                             0x200028b1   Data           1  ui.o(.data)
    KeyFuncPtr                               0x200028b4   Data           4  ui.o(.data)
    KeyTab                                   0x200028b8   Data         480  ui.o(.data)
    k_c                                      0x20002a98   Data           1  ui.o(.data)
    cunchu                                   0x20002a9c   Data           4  exti.o(.data)
    z_cha                                    0x20002aa0   Data           1  exti.o(.data)
    y_cha                                    0x20002aa1   Data           1  exti.o(.data)
    q_cha                                    0x20002aa2   Data           1  exti.o(.data)
    h_cha                                    0x20002aa3   Data           1  exti.o(.data)
    count_fz                                 0x20002aa4   Data           2  exti.o(.data)
    fz_flag                                  0x20002aa6   Data           1  exti.o(.data)
    bb12                                     0x20002aa8   Data           2  exti.o(.data)
    bb13                                     0x20002aaa   Data           2  exti.o(.data)
    bb14                                     0x20002aac   Data           2  exti.o(.data)
    b12                                      0x20002aae   Data           2  exti.o(.data)
    b13                                      0x20002ab0   Data           2  exti.o(.data)
    b14                                      0x20002ab2   Data           2  exti.o(.data)
    dongzuo                                  0x20002ab4   Data         108  exti.o(.data)
    dongshuzu                                0x20002b20   Data          28  exti.o(.data)
    USART1_RX_BUF                            0x20002b3c   Data         200  usart.o(.bss)
    USART2_RX_BUF                            0x20002c04   Data         200  usart.o(.bss)
    USART3_RX_BUF                            0x20002ccc   Data         200  usart.o(.bss)
    write                                    0x20002d94   Data         288  oled.o(.bss)
    OLED_BUF                                 0x20002eb4   Data          64  oled.o(.bss)
    OLED2_BUF                                0x20002ef4   Data         100  oled2.o(.bss)
    OLED_GRAM                                0x20002f58   Data        1024  oled2.o(.bss)
    OLED_BCK_GRAM                            0x20003358   Data        1024  oled2.o(.bss)
    ADC_DMA_ConvertedValue                   0x20003758   Data          12  adc_config.o(.bss)
    shu_q                                    0x20003764   Data          16  st178.o(.bss)
    shu_h                                    0x20003774   Data          16  st178.o(.bss)
    Pid_fl                                   0x20003784   Data          40  moto.o(.bss)
    Pid_fr                                   0x200037ac   Data          40  moto.o(.bss)
    Pid_br                                   0x200037d4   Data          40  moto.o(.bss)
    Pid_bl                                   0x200037fc   Data          40  moto.o(.bss)
    a_pwm                                    0x20003824   Data          12  moto.o(.bss)
    move_BUFF_SET                            0x20003830   Data          30  move.o(.bss)
    move_BUFF_SET2                           0x2000384e   Data          30  move.o(.bss)
    move_BUFF_SET3                           0x2000386c   Data          30  move.o(.bss)
    chu_3                                    0x2000388a   Data          66  move.o(.bss)
    chu_4                                    0x200038cc   Data          77  move.o(.bss)
    chu_5                                    0x20003919   Data          33  move.o(.bss)
    sb                                       0x2000393a   Data          44  move.o(.bss)
    zou_1                                    0x20003966   Data         242  move.o(.bss)
    zou_2                                    0x20003a58   Data         198  move.o(.bss)
    zou_3                                    0x20003b1e   Data         110  move.o(.bss)
    fa_1                                     0x20003b8c   Data         297  move.o(.bss)
    fa_2                                     0x20003cb5   Data         330  move.o(.bss)
    fa_3                                     0x20003dff   Data         132  move.o(.bss)
    fangfa                                   0x20003e83   Data         154  move.o(.bss)
    fangfa_1                                 0x20003f1d   Data         143  move.o(.bss)
    fangfa_2                                 0x20003fac   Data          33  move.o(.bss)
    fangfa_3                                 0x20003fcd   Data         187  move.o(.bss)
    wujie                                    0x20004088   Data         132  move.o(.bss)
    tou                                      0x2000410c   Data         231  move.o(.bss)
    LUXIAN1                                  0x200041f3   Data         286  move.o(.bss)
    Speed_buffer                             0x20004312   Data          34  ui.o(.bss)
    STMFLASH_BUF                             0x20004334   Data        2048  stmflash.o(.bss)
    __libspace_start                         0x20004b34   Data          96  libspace.o(.bss)
    __temporary_stack_top$libspace           0x20004b94   Data           0  libspace.o(.bss)



==============================================================================

Memory Map of the image

  Image Entry point : 0x08000229

  Load Region LR_1 (Base: 0x08000000, Size: 0x00015a0c, Max: 0xffffffff, ABSOLUTE, COMPRESSED[0x00013a24])

    Execution Region ER_RO (Exec base: 0x08000000, Load base: 0x08000000, Size: 0x00012ed0, Max: 0xffffffff, ABSOLUTE)

    Exec Addr    Load Addr    Size         Type   Attr      Idx    E Section Name        Object

    0x08000000   0x08000000   0x00000130   Data   RO          662    RESET               startup_stm32f10x_hd.o
    0x08000130   0x08000130   0x00000008   Code   RO         4766  * !!!main             c_w.l(__main.o)
    0x08000138   0x08000138   0x00000034   Code   RO         5067    !!!scatter          c_w.l(__scatter.o)
    0x0800016c   0x0800016c   0x00000064   Code   RO         5065    !!dclz77c           c_w.l(__dclz77c.o)
    0x080001d0   0x080001d0   0x0000001c   Code   RO         5069    !!handler_zi        c_w.l(__scatter_zi.o)
    0x080001ec   0x080001ec   0x00000000   Code   RO         4763    .ARM.Collect$$_printf_percent$$00000000  c_w.l(_printf_percent.o)
    0x080001ec   0x080001ec   0x00000006   Code   RO         4762    .ARM.Collect$$_printf_percent$$00000009  c_w.l(_printf_d.o)
    0x080001f2   0x080001f2   0x00000006   Code   RO         4760    .ARM.Collect$$_printf_percent$$00000013  c_w.l(_printf_c.o)
    0x080001f8   0x080001f8   0x00000006   Code   RO         4761    .ARM.Collect$$_printf_percent$$00000014  c_w.l(_printf_s.o)
    0x080001fe   0x080001fe   0x00000004   Code   RO         4851    .ARM.Collect$$_printf_percent$$00000017  c_w.l(_printf_percent_end.o)
    0x08000202   0x08000202   0x00000002   Code   RO         4936    .ARM.Collect$$libinit$$00000000  c_w.l(libinit.o)
    0x08000204   0x08000204   0x00000000   Code   RO         4942    .ARM.Collect$$libinit$$00000002  c_w.l(libinit2.o)
    0x08000204   0x08000204   0x00000000   Code   RO         4944    .ARM.Collect$$libinit$$00000004  c_w.l(libinit2.o)
    0x08000204   0x08000204   0x00000000   Code   RO         4947    .ARM.Collect$$libinit$$0000000A  c_w.l(libinit2.o)
    0x08000204   0x08000204   0x00000000   Code   RO         4949    .ARM.Collect$$libinit$$0000000C  c_w.l(libinit2.o)
    0x08000204   0x08000204   0x00000000   Code   RO         4951    .ARM.Collect$$libinit$$0000000E  c_w.l(libinit2.o)
    0x08000204   0x08000204   0x00000000   Code   RO         4954    .ARM.Collect$$libinit$$00000011  c_w.l(libinit2.o)
    0x08000204   0x08000204   0x00000000   Code   RO         4956    .ARM.Collect$$libinit$$00000013  c_w.l(libinit2.o)
    0x08000204   0x08000204   0x00000000   Code   RO         4958    .ARM.Collect$$libinit$$00000015  c_w.l(libinit2.o)
    0x08000204   0x08000204   0x00000000   Code   RO         4960    .ARM.Collect$$libinit$$00000017  c_w.l(libinit2.o)
    0x08000204   0x08000204   0x00000000   Code   RO         4962    .ARM.Collect$$libinit$$00000019  c_w.l(libinit2.o)
    0x08000204   0x08000204   0x00000000   Code   RO         4964    .ARM.Collect$$libinit$$0000001B  c_w.l(libinit2.o)
    0x08000204   0x08000204   0x00000000   Code   RO         4966    .ARM.Collect$$libinit$$0000001D  c_w.l(libinit2.o)
    0x08000204   0x08000204   0x00000000   Code   RO         4968    .ARM.Collect$$libinit$$0000001F  c_w.l(libinit2.o)
    0x08000204   0x08000204   0x00000000   Code   RO         4970    .ARM.Collect$$libinit$$00000021  c_w.l(libinit2.o)
    0x08000204   0x08000204   0x00000000   Code   RO         4972    .ARM.Collect$$libinit$$00000023  c_w.l(libinit2.o)
    0x08000204   0x08000204   0x00000000   Code   RO         4974    .ARM.Collect$$libinit$$00000025  c_w.l(libinit2.o)
    0x08000204   0x08000204   0x00000000   Code   RO         4978    .ARM.Collect$$libinit$$0000002C  c_w.l(libinit2.o)
    0x08000204   0x08000204   0x00000000   Code   RO         4980    .ARM.Collect$$libinit$$0000002E  c_w.l(libinit2.o)
    0x08000204   0x08000204   0x00000000   Code   RO         4982    .ARM.Collect$$libinit$$00000030  c_w.l(libinit2.o)
    0x08000204   0x08000204   0x00000000   Code   RO         4984    .ARM.Collect$$libinit$$00000032  c_w.l(libinit2.o)
    0x08000204   0x08000204   0x00000002   Code   RO         4985    .ARM.Collect$$libinit$$00000033  c_w.l(libinit2.o)
    0x08000206   0x08000206   0x00000002   Code   RO         5005    .ARM.Collect$$libshutdown$$00000000  c_w.l(libshutdown.o)
    0x08000208   0x08000208   0x00000000   Code   RO         5015    .ARM.Collect$$libshutdown$$00000002  c_w.l(libshutdown2.o)
    0x08000208   0x08000208   0x00000000   Code   RO         5017    .ARM.Collect$$libshutdown$$00000004  c_w.l(libshutdown2.o)
    0x08000208   0x08000208   0x00000000   Code   RO         5019    .ARM.Collect$$libshutdown$$00000006  c_w.l(libshutdown2.o)
    0x08000208   0x08000208   0x00000000   Code   RO         5022    .ARM.Collect$$libshutdown$$00000009  c_w.l(libshutdown2.o)
    0x08000208   0x08000208   0x00000000   Code   RO         5025    .ARM.Collect$$libshutdown$$0000000C  c_w.l(libshutdown2.o)
    0x08000208   0x08000208   0x00000000   Code   RO         5027    .ARM.Collect$$libshutdown$$0000000E  c_w.l(libshutdown2.o)
    0x08000208   0x08000208   0x00000000   Code   RO         5030    .ARM.Collect$$libshutdown$$00000011  c_w.l(libshutdown2.o)
    0x08000208   0x08000208   0x00000002   Code   RO         5031    .ARM.Collect$$libshutdown$$00000012  c_w.l(libshutdown2.o)
    0x0800020a   0x0800020a   0x00000000   Code   RO         4838    .ARM.Collect$$rtentry$$00000000  c_w.l(__rtentry.o)
    0x0800020a   0x0800020a   0x00000000   Code   RO         4895    .ARM.Collect$$rtentry$$00000002  c_w.l(__rtentry2.o)
    0x0800020a   0x0800020a   0x00000006   Code   RO         4907    .ARM.Collect$$rtentry$$00000004  c_w.l(__rtentry4.o)
    0x08000210   0x08000210   0x00000000   Code   RO         4897    .ARM.Collect$$rtentry$$00000009  c_w.l(__rtentry2.o)
    0x08000210   0x08000210   0x00000004   Code   RO         4898    .ARM.Collect$$rtentry$$0000000A  c_w.l(__rtentry2.o)
    0x08000214   0x08000214   0x00000000   Code   RO         4900    .ARM.Collect$$rtentry$$0000000C  c_w.l(__rtentry2.o)
    0x08000214   0x08000214   0x00000008   Code   RO         4901    .ARM.Collect$$rtentry$$0000000D  c_w.l(__rtentry2.o)
    0x0800021c   0x0800021c   0x00000002   Code   RO         4939    .ARM.Collect$$rtexit$$00000000  c_w.l(rtexit.o)
    0x0800021e   0x0800021e   0x00000000   Code   RO         4989    .ARM.Collect$$rtexit$$00000002  c_w.l(rtexit2.o)
    0x0800021e   0x0800021e   0x00000004   Code   RO         4990    .ARM.Collect$$rtexit$$00000003  c_w.l(rtexit2.o)
    0x08000222   0x08000222   0x00000006   Code   RO         4991    .ARM.Collect$$rtexit$$00000004  c_w.l(rtexit2.o)
    0x08000228   0x08000228   0x00000040   Code   RO          663  * .text               startup_stm32f10x_hd.o
    0x08000268   0x08000268   0x00000002   Code   RO         4724    .text               c_w.l(use_no_semi_2.o)
    0x0800026a   0x0800026a   0x00000002   PAD
    0x0800026c   0x0800026c   0x00000018   Code   RO         4730    .text               c_w.l(noretval__2printf.o)
    0x08000284   0x08000284   0x00000028   Code   RO         4732    .text               c_w.l(noretval__2sprintf.o)
    0x080002ac   0x080002ac   0x00000068   Code   RO         4734    .text               c_w.l(__printf.o)
    0x08000314   0x08000314   0x00000052   Code   RO         4736    .text               c_w.l(_printf_str.o)
    0x08000366   0x08000366   0x00000002   PAD
    0x08000368   0x08000368   0x00000078   Code   RO         4738    .text               c_w.l(_printf_dec.o)
    0x080003e0   0x080003e0   0x00000006   Code   RO         4764    .text               c_w.l(heapauxi.o)
    0x080003e6   0x080003e6   0x00000002   Code   RO         4836    .text               c_w.l(use_no_semi.o)
    0x080003e8   0x080003e8   0x00000016   Code   RO         4839    .text               c_w.l(_rserrno.o)
    0x080003fe   0x080003fe   0x000000b2   Code   RO         4841    .text               c_w.l(_printf_intcommon.o)
    0x080004b0   0x080004b0   0x00000030   Code   RO         4843    .text               c_w.l(_printf_char_common.o)
    0x080004e0   0x080004e0   0x0000000a   Code   RO         4845    .text               c_w.l(_sputc.o)
    0x080004ea   0x080004ea   0x0000002c   Code   RO         4847    .text               c_w.l(_printf_char.o)
    0x08000516   0x08000516   0x00000002   PAD
    0x08000518   0x08000518   0x00000024   Code   RO         4849    .text               c_w.l(_printf_char_file.o)
    0x0800053c   0x0800053c   0x00000008   Code   RO         4912    .text               c_w.l(rt_errno_addr_intlibspace.o)
    0x08000544   0x08000544   0x00000008   Code   RO         4916    .text               c_w.l(ferror.o)
    0x0800054c   0x0800054c   0x00000008   Code   RO         4924    .text               c_w.l(libspace.o)
    0x08000554   0x08000554   0x0000004a   Code   RO         4927    .text               c_w.l(sys_stackheap_outer.o)
    0x0800059e   0x0800059e   0x00000012   Code   RO         4929    .text               c_w.l(exit.o)
    0x080005b0   0x080005b0   0x00000016   Code   RO          709    i.ADC_Cmd           stm32f10x_adc.o
    0x080005c6   0x080005c6   0x00000016   Code   RO          710    i.ADC_DMACmd        stm32f10x_adc.o
    0x080005dc   0x080005dc   0x00000060   Code   RO         4012    i.ADC_DMAInit       adc_config.o
    0x0800063c   0x0800063c   0x000000b0   Code   RO         4013    i.ADC_DMA_Configuration  adc_config.o
    0x080006ec   0x080006ec   0x0000005c   Code   RO          711    i.ADC_DeInit        stm32f10x_adc.o
    0x08000748   0x08000748   0x00000014   Code   RO          717    i.ADC_GetCalibrationStatus  stm32f10x_adc.o
    0x0800075c   0x0800075c   0x00000008   Code   RO          718    i.ADC_GetConversionValue  stm32f10x_adc.o
    0x08000764   0x08000764   0x00000012   Code   RO          720    i.ADC_GetFlagStatus  stm32f10x_adc.o
    0x08000776   0x08000776   0x00000014   Code   RO          723    i.ADC_GetResetCalibrationStatus  stm32f10x_adc.o
    0x0800078a   0x0800078a   0x00000002   PAD
    0x0800078c   0x0800078c   0x00000050   Code   RO          727    i.ADC_Init          stm32f10x_adc.o
    0x080007dc   0x080007dc   0x000000b8   Code   RO          731    i.ADC_RegularChannelConfig  stm32f10x_adc.o
    0x08000894   0x08000894   0x0000000a   Code   RO          732    i.ADC_ResetCalibration  stm32f10x_adc.o
    0x0800089e   0x0800089e   0x00000016   Code   RO          734    i.ADC_SoftwareStartConvCmd  stm32f10x_adc.o
    0x080008b4   0x080008b4   0x0000000a   Code   RO          736    i.ADC_StartCalibration  stm32f10x_adc.o
    0x080008be   0x080008be   0x0000014c   Code   RO         4014    i.ADKey_Deal        adc_config.o
    0x08000a0a   0x08000a0a   0x00000002   PAD
    0x08000a0c   0x08000a0c   0x0000008c   Code   RO         4015    i.ADKey_Init        adc_config.o
    0x08000a98   0x08000a98   0x000000b4   Code   RO         4016    i.AD_AnJian         adc_config.o
    0x08000b4c   0x08000b4c   0x0000011c   Code   RO         3997    i.All_GPIO_Init     gpio.o
    0x08000c68   0x08000c68   0x000001f8   Code   RO         4105    i.BMQ_MOVE          moto.o
    0x08000e60   0x08000e60   0x00000004   Code   RO          171    i.BusFault_Handler  stm32f10x_it.o
    0x08000e64   0x08000e64   0x000000c4   Code   RO         4381    i.Clock             ui.o
    0x08000f28   0x08000f28   0x00001aa8   Code   RO         4382    i.Clock_a           ui.o
    0x080029d0   0x080029d0   0x000002b0   Code   RO         4383    i.Clock_b           ui.o
    0x08002c80   0x08002c80   0x000002b4   Code   RO         4384    i.Clock_c           ui.o
    0x08002f34   0x08002f34   0x000002b4   Code   RO         4385    i.Clock_d           ui.o
    0x080031e8   0x080031e8   0x00000748   Code   RO         4386    i.Clock_e           ui.o
    0x08003930   0x08003930   0x00000130   Code   RO         4106    i.DJ_MOVE           moto.o
    0x08003a60   0x08003a60   0x00000044   Code   RO         4201    i.DJ_MOVE_BUFF_SET  move.o
    0x08003aa4   0x08003aa4   0x000000e0   Code   RO         4202    i.DJ_MOVE_BUFF_shuzu  move.o
    0x08003b84   0x08003b84   0x00000058   Code   RO         4107    i.DJ_MOVE_YS        moto.o
    0x08003bdc   0x08003bdc   0x0000004c   Code   RO         4108    i.DJ_MOVE_YS_XC     moto.o
    0x08003c28   0x08003c28   0x00000540   Code   RO         4109    i.DJ_MOVE_ZHUAN     moto.o
    0x08004168   0x08004168   0x00000068   Code   RO         4203    i.DJ_MOVE_ZONG      move.o
    0x080041d0   0x080041d0   0x00000018   Code   RO         1394    i.DMA_Cmd           stm32f10x_dma.o
    0x080041e8   0x080041e8   0x0000014c   Code   RO         1395    i.DMA_DeInit        stm32f10x_dma.o
    0x08004334   0x08004334   0x0000003c   Code   RO         1400    i.DMA_Init          stm32f10x_dma.o
    0x08004370   0x08004370   0x000000c0   Code   RO         4387    i.Debug             ui.o
    0x08004430   0x08004430   0x00000002   Code   RO          172    i.DebugMon_Handler  stm32f10x_it.o
    0x08004432   0x08004432   0x00000002   PAD
    0x08004434   0x08004434   0x0000015c   Code   RO         4388    i.Debug_Set         ui.o
    0x08004590   0x08004590   0x0000006a   Code   RO         3638    i.Draw_BMP          oled.o
    0x080045fa   0x080045fa   0x00000002   PAD
    0x080045fc   0x080045fc   0x000000d4   Code   RO         3640    i.Draw_Power        oled.o
    0x080046d0   0x080046d0   0x000000c4   Code   RO         4389    i.Drive             ui.o
    0x08004794   0x08004794   0x00000130   Code   RO         4390    i.Drive_a           ui.o
    0x080048c4   0x080048c4   0x0000004c   Code   RO         1523    i.FLASH_ErasePage   stm32f10x_flash.o
    0x08004910   0x08004910   0x00000034   Code   RO         1524    i.FLASH_GetBank1Status  stm32f10x_flash.o
    0x08004944   0x08004944   0x00000014   Code   RO         1533    i.FLASH_Lock        stm32f10x_flash.o
    0x08004958   0x08004958   0x00000040   Code   RO         1536    i.FLASH_ProgramHalfWord  stm32f10x_flash.o
    0x08004998   0x08004998   0x00000018   Code   RO         1541    i.FLASH_Unlock      stm32f10x_flash.o
    0x080049b0   0x080049b0   0x00000026   Code   RO         1545    i.FLASH_WaitForLastOperation  stm32f10x_flash.o
    0x080049d6   0x080049d6   0x00000116   Code   RO         1818    i.GPIO_Init         stm32f10x_gpio.o
    0x08004aec   0x08004aec   0x00000090   Code   RO         1820    i.GPIO_PinRemapConfig  stm32f10x_gpio.o
    0x08004b7c   0x08004b7c   0x00000004   Code   RO         1825    i.GPIO_ResetBits    stm32f10x_gpio.o
    0x08004b80   0x08004b80   0x00000004   Code   RO         1826    i.GPIO_SetBits      stm32f10x_gpio.o
    0x08004b84   0x08004b84   0x00000034   Code   RO         4018    i.Get_Key_Adc       adc_config.o
    0x08004bb8   0x08004bb8   0x00000028   Code   RO         4019    i.Get_Key_Adc_Average  adc_config.o
    0x08004be0   0x08004be0   0x00000004   Code   RO          173    i.HardFault_Handler  stm32f10x_it.o
    0x08004be4   0x08004be4   0x00000250   Code   RO         3960    i.Init_BMQ          timer.o
    0x08004e34   0x08004e34   0x000000e0   Code   RO         3961    i.Init_TIM1_PWM     timer.o
    0x08004f14   0x08004f14   0x00000104   Code   RO         3963    i.Init_TIM8_PWM     timer.o
    0x08005018   0x08005018   0x000000c0   Code   RO         4394    i.Internet_Set      ui.o
    0x080050d8   0x080050d8   0x00000080   Code   RO         3643    i.LCD_16_HanZi_ASCII  oled.o
    0x08005158   0x08005158   0x00000038   Code   RO         3644    i.LCD_CLS           oled.o
    0x08005190   0x08005190   0x00000038   Code   RO         3645    i.LCD_CLS_06        oled.o
    0x080051c8   0x080051c8   0x0000001c   Code   RO         3646    i.LCD_DLY_ms        oled.o
    0x080051e4   0x080051e4   0x00000100   Code   RO         3648    i.LCD_P16x16Str     oled.o
    0x080052e4   0x080052e4   0x00000088   Code   RO         3650    i.LCD_P8x16Str      oled.o
    0x0800536c   0x0800536c   0x00000024   Code   RO         3654    i.LCD_Set_Pos       oled.o
    0x08005390   0x08005390   0x00000060   Code   RO         3655    i.LCD_WrCmd         oled.o
    0x080053f0   0x080053f0   0x00000064   Code   RO         3656    i.LCD_WrDat         oled.o
    0x08005454   0x08005454   0x00000004   Code   RO          174    i.MemManage_Handler  stm32f10x_it.o
    0x08005458   0x08005458   0x000000d8   Code   RO         4395    i.MenuOperate       ui.o
    0x08005530   0x08005530   0x00000002   Code   RO          175    i.NMI_Handler       stm32f10x_it.o
    0x08005532   0x08005532   0x00000002   PAD
    0x08005534   0x08005534   0x00000070   Code   RO          667    i.NVIC_Init         misc.o
    0x080055a4   0x080055a4   0x00000014   Code   RO          668    i.NVIC_PriorityGroupConfig  misc.o
    0x080055b8   0x080055b8   0x00000108   Code   RO         4396    i.Net_a             ui.o
    0x080056c0   0x080056c0   0x00000108   Code   RO         4397    i.Net_b             ui.o
    0x080057c8   0x080057c8   0x00000108   Code   RO         4398    i.Net_c             ui.o
    0x080058d0   0x080058d0   0x000008e4   Code   RO         4399    i.Net_d             ui.o
    0x080061b4   0x080061b4   0x00000940   Code   RO         4400    i.Net_e             ui.o
    0x08006af4   0x08006af4   0x000008e4   Code   RO         4401    i.Net_f             ui.o
    0x080073d8   0x080073d8   0x0000003a   Code   RO         3659    i.OLCD_Fill         oled.o
    0x08007412   0x08007412   0x00000002   PAD
    0x08007414   0x08007414   0x00000060   Code   RO         3826    i.OLED_CLS          oled2.o
    0x08007474   0x08007474   0x00000060   Code   RO         3827    i.OLED_CLS_67       oled2.o
    0x080074d4   0x080074d4   0x000000f8   Code   RO         3832    i.OLED_DrawHanzi    oled2.o
    0x080075cc   0x080075cc   0x0000008e   Code   RO         3833    i.OLED_DrawPicture  oled2.o
    0x0800765a   0x0800765a   0x00000002   PAD
    0x0800765c   0x0800765c   0x00000060   Code   RO         3834    i.OLED_DrawPoint    oled2.o
    0x080076bc   0x080076bc   0x00000110   Code   RO         3660    i.OLED_Init         oled.o
    0x080077cc   0x080077cc   0x00000080   Code   RO         3835    i.OLED_Refresh      oled2.o
    0x0800784c   0x0800784c   0x0000010c   Code   RO         3840    i.OLED_ShowxcChar   oled2.o
    0x08007958   0x08007958   0x000000a8   Code   RO         3841    i.OLED_ShowxcNum    oled2.o
    0x08007a00   0x08007a00   0x00000070   Code   RO         3842    i.OLED_ShowxcString  oled2.o
    0x08007a70   0x08007a70   0x00000070   Code   RO         3843    i.OLED_WR_Byte      oled2.o
    0x08007ae0   0x08007ae0   0x00000188   Code   RO         4404    i.OLED_tou          ui.o
    0x08007c68   0x08007c68   0x000000ac   Code   RO         4110    i.PWM_PID           moto.o
    0x08007d14   0x08007d14   0x000000ec   Code   RO         4111    i.PWM_SET           moto.o
    0x08007e00   0x08007e00   0x00000002   Code   RO          176    i.PendSV_Handler    stm32f10x_it.o
    0x08007e02   0x08007e02   0x00000002   PAD
    0x08007e04   0x08007e04   0x00000018   Code   RO         2232    i.RCC_ADCCLKConfig  stm32f10x_rcc.o
    0x08007e1c   0x08007e1c   0x00000020   Code   RO         2233    i.RCC_AHBPeriphClockCmd  stm32f10x_rcc.o
    0x08007e3c   0x08007e3c   0x00000020   Code   RO         2234    i.RCC_APB1PeriphClockCmd  stm32f10x_rcc.o
    0x08007e5c   0x08007e5c   0x00000020   Code   RO         2235    i.RCC_APB1PeriphResetCmd  stm32f10x_rcc.o
    0x08007e7c   0x08007e7c   0x00000020   Code   RO         2236    i.RCC_APB2PeriphClockCmd  stm32f10x_rcc.o
    0x08007e9c   0x08007e9c   0x00000020   Code   RO         2237    i.RCC_APB2PeriphResetCmd  stm32f10x_rcc.o
    0x08007ebc   0x08007ebc   0x000000d4   Code   RO         2244    i.RCC_GetClocksFreq  stm32f10x_rcc.o
    0x08007f90   0x08007f90   0x00000022   Code   RO         4627    i.STMFLASH_Read     stmflash.o
    0x08007fb2   0x08007fb2   0x00000006   Code   RO         4628    i.STMFLASH_ReadHalfWord  stmflash.o
    0x08007fb8   0x08007fb8   0x000000e8   Code   RO         4629    i.STMFLASH_Write    stmflash.o
    0x080080a0   0x080080a0   0x00000026   Code   RO         4630    i.STMFLASH_Write_NoCheck  stmflash.o
    0x080080c6   0x080080c6   0x00000002   Code   RO          177    i.SVC_Handler       stm32f10x_it.o
    0x080080c8   0x080080c8   0x00000008   Code   RO          317    i.SetSysClock       system_stm32f10x.o
    0x080080d0   0x080080d0   0x000000e0   Code   RO          318    i.SetSysClockTo72   system_stm32f10x.o
    0x080081b0   0x080081b0   0x000000e8   Code   RO         4405    i.Set_188           ui.o
    0x08008298   0x08008298   0x00000048   Code   RO         4406    i.Set_188_a         ui.o
    0x080082e0   0x080082e0   0x00000164   Code   RO         4407    i.Set_a             ui.o
    0x08008444   0x08008444   0x00000118   Code   RO         4408    i.Set_b             ui.o
    0x0800855c   0x0800855c   0x00000118   Code   RO         4409    i.Set_c             ui.o
    0x08008674   0x08008674   0x00000118   Code   RO         4410    i.Set_d             ui.o
    0x0800878c   0x0800878c   0x00000220   Code   RO         4411    i.Set_e             ui.o
    0x080089ac   0x080089ac   0x000001b0   Code   RO         4412    i.Set_f             ui.o
    0x08008b5c   0x08008b5c   0x000001b4   Code   RO         4413    i.Set_g             ui.o
    0x08008d10   0x08008d10   0x000004f8   Code   RO         4073    i.St178_Scanf       st178.o
    0x08009208   0x08009208   0x00000a8c   Code   RO         4074    i.St188_Scanf       st178.o
    0x08009c94   0x08009c94   0x00000028   Code   RO          671    i.SysTick_CLKSourceConfig  misc.o
    0x08009cbc   0x08009cbc   0x00000002   Code   RO          178    i.SysTick_Handler   stm32f10x_it.o
    0x08009cbe   0x08009cbe   0x00000002   PAD
    0x08009cc0   0x08009cc0   0x00000060   Code   RO          320    i.SystemInit        system_stm32f10x.o
    0x08009d20   0x08009d20   0x00000080   Code   RO         2852    i.TI1_Config        stm32f10x_tim.o
    0x08009da0   0x08009da0   0x00000098   Code   RO         2853    i.TI2_Config        stm32f10x_tim.o
    0x08009e38   0x08009e38   0x00000090   Code   RO         2854    i.TI3_Config        stm32f10x_tim.o
    0x08009ec8   0x08009ec8   0x00000098   Code   RO         2855    i.TI4_Config        stm32f10x_tim.o
    0x08009f60   0x08009f60   0x000000e4   Code   RO         4670    i.TIM6_IRQHandler   exti.o
    0x0800a044   0x0800a044   0x0000005c   Code   RO         4113    i.TIM7_BaseTime_Init  moto.o
    0x0800a0a0   0x0800a0a0   0x000007a4   Code   RO         4114    i.TIM7_IRQHandler   moto.o
    0x0800a844   0x0800a844   0x00000018   Code   RO         2856    i.TIM_ARRPreloadConfig  stm32f10x_tim.o
    0x0800a85c   0x0800a85c   0x00000006   Code   RO         2863    i.TIM_ClearITPendingBit  stm32f10x_tim.o
    0x0800a862   0x0800a862   0x00000018   Code   RO         2868    i.TIM_Cmd           stm32f10x_tim.o
    0x0800a87a   0x0800a87a   0x0000001e   Code   RO         2870    i.TIM_CtrlPWMOutputs  stm32f10x_tim.o
    0x0800a898   0x0800a898   0x000001e8   Code   RO         2873    i.TIM_DeInit        stm32f10x_tim.o
    0x0800aa80   0x0800aa80   0x00000042   Code   RO         2877    i.TIM_EncoderInterfaceConfig  stm32f10x_tim.o
    0x0800aac2   0x0800aac2   0x00000022   Code   RO         2889    i.TIM_GetITStatus   stm32f10x_tim.o
    0x0800aae4   0x0800aae4   0x000000ac   Code   RO         2891    i.TIM_ICInit        stm32f10x_tim.o
    0x0800ab90   0x0800ab90   0x00000012   Code   RO         2892    i.TIM_ICStructInit  stm32f10x_tim.o
    0x0800aba2   0x0800aba2   0x00000012   Code   RO         2893    i.TIM_ITConfig      stm32f10x_tim.o
    0x0800abb4   0x0800abb4   0x00000098   Code   RO         2897    i.TIM_OC1Init       stm32f10x_tim.o
    0x0800ac4c   0x0800ac4c   0x00000012   Code   RO         2900    i.TIM_OC1PreloadConfig  stm32f10x_tim.o
    0x0800ac5e   0x0800ac5e   0x00000002   PAD
    0x0800ac60   0x0800ac60   0x000000a4   Code   RO         2902    i.TIM_OC2Init       stm32f10x_tim.o
    0x0800ad04   0x0800ad04   0x0000001a   Code   RO         2905    i.TIM_OC2PreloadConfig  stm32f10x_tim.o
    0x0800ad1e   0x0800ad1e   0x00000002   PAD
    0x0800ad20   0x0800ad20   0x000000a0   Code   RO         2907    i.TIM_OC3Init       stm32f10x_tim.o
    0x0800adc0   0x0800adc0   0x00000012   Code   RO         2910    i.TIM_OC3PreloadConfig  stm32f10x_tim.o
    0x0800add2   0x0800add2   0x00000002   PAD
    0x0800add4   0x0800add4   0x0000007c   Code   RO         2912    i.TIM_OC4Init       stm32f10x_tim.o
    0x0800ae50   0x0800ae50   0x0000001a   Code   RO         2914    i.TIM_OC4PreloadConfig  stm32f10x_tim.o
    0x0800ae6a   0x0800ae6a   0x00000004   Code   RO         2929    i.TIM_SetCompare1   stm32f10x_tim.o
    0x0800ae6e   0x0800ae6e   0x00000004   Code   RO         2930    i.TIM_SetCompare2   stm32f10x_tim.o
    0x0800ae72   0x0800ae72   0x00000004   Code   RO         2931    i.TIM_SetCompare3   stm32f10x_tim.o
    0x0800ae76   0x0800ae76   0x00000006   Code   RO         2932    i.TIM_SetCompare4   stm32f10x_tim.o
    0x0800ae7c   0x0800ae7c   0x00000012   Code   RO         2934    i.TIM_SetIC1Prescaler  stm32f10x_tim.o
    0x0800ae8e   0x0800ae8e   0x0000001a   Code   RO         2935    i.TIM_SetIC2Prescaler  stm32f10x_tim.o
    0x0800aea8   0x0800aea8   0x00000012   Code   RO         2936    i.TIM_SetIC3Prescaler  stm32f10x_tim.o
    0x0800aeba   0x0800aeba   0x0000001a   Code   RO         2937    i.TIM_SetIC4Prescaler  stm32f10x_tim.o
    0x0800aed4   0x0800aed4   0x000000a4   Code   RO         2939    i.TIM_TimeBaseInit  stm32f10x_tim.o
    0x0800af78   0x0800af78   0x000000c0   Code   RO         4414    i.Temp_Set          ui.o
    0x0800b038   0x0800b038   0x00000104   Code   RO          438    i.USART1_IRQHandler  usart.o
    0x0800b13c   0x0800b13c   0x0000008c   Code   RO          441    i.USART2_IRQHandler  usart.o
    0x0800b1c8   0x0800b1c8   0x0000008c   Code   RO          444    i.USART3_IRQHandler  usart.o
    0x0800b254   0x0800b254   0x00000018   Code   RO         3404    i.USART_Cmd         stm32f10x_usart.o
    0x0800b26c   0x0800b26c   0x0000001a   Code   RO         3407    i.USART_GetFlagStatus  stm32f10x_usart.o
    0x0800b286   0x0800b286   0x00000054   Code   RO         3408    i.USART_GetITStatus  stm32f10x_usart.o
    0x0800b2da   0x0800b2da   0x0000004a   Code   RO         3410    i.USART_ITConfig    stm32f10x_usart.o
    0x0800b324   0x0800b324   0x000000d8   Code   RO         3411    i.USART_Init        stm32f10x_usart.o
    0x0800b3fc   0x0800b3fc   0x0000000a   Code   RO         3418    i.USART_ReceiveData  stm32f10x_usart.o
    0x0800b406   0x0800b406   0x00000008   Code   RO         3421    i.USART_SendData    stm32f10x_usart.o
    0x0800b40e   0x0800b40e   0x00000004   Code   RO          179    i.UsageFault_Handler  stm32f10x_it.o
    0x0800b412   0x0800b412   0x00000002   PAD
    0x0800b414   0x0800b414   0x000002a4   Code   RO         4115    i.WEI_PID           moto.o
    0x0800b6b8   0x0800b6b8   0x00000028   Code   RO         4116    i.XIANFU            moto.o
    0x0800b6e0   0x0800b6e0   0x00000028   Code   RO         4881    i.__ARM_fpclassify  m_ws.l(fpclassify.o)
    0x0800b708   0x0800b708   0x000000aa   Code   RO         4883    i.__kernel_poly     m_ws.l(poly.o)
    0x0800b7b2   0x0800b7b2   0x00000002   PAD
    0x0800b7b4   0x0800b7b4   0x00000010   Code   RO         4867    i.__mathlib_dbl_divzero  m_ws.l(dunder.o)
    0x0800b7c4   0x0800b7c4   0x00000004   Code   RO         4869    i.__mathlib_dbl_infnan2  m_ws.l(dunder.o)
    0x0800b7c8   0x0800b7c8   0x0000000c   Code   RO         4870    i.__mathlib_dbl_invalid  m_ws.l(dunder.o)
    0x0800b7d4   0x0800b7d4   0x0000000e   Code   RO         4871    i.__mathlib_dbl_overflow  m_ws.l(dunder.o)
    0x0800b7e2   0x0800b7e2   0x00000002   PAD
    0x0800b7e4   0x0800b7e4   0x00000010   Code   RO         4873    i.__mathlib_dbl_underflow  m_ws.l(dunder.o)
    0x0800b7f4   0x0800b7f4   0x00000004   Code   RO          447    i._sys_exit         usart.o
    0x0800b7f8   0x0800b7f8   0x0000000c   Code   RO         4075    i.bxcls             st178.o
    0x0800b804   0x0800b804   0x00000010   Code   RO         4213    i.ce_1              move.o
    0x0800b814   0x0800b814   0x00000010   Code   RO         4214    i.ce_2              move.o
    0x0800b824   0x0800b824   0x000003d8   Code   RO         4415    i.change            ui.o
    0x0800bbfc   0x0800bbfc   0x00000044   Code   RO          351    i.delay_init        delay.o
    0x0800bc40   0x0800bc40   0x0000004c   Code   RO          352    i.delay_ms          delay.o
    0x0800bc8c   0x0800bc8c   0x00000074   Code   RO          448    i.fputc             usart.o
    0x0800bd00   0x0800bd00   0x00000084   Code   RO            1    i.main              main.o
    0x0800bd84   0x0800bd84   0x00000016   Code   RO         3844    i.oled_pow          oled2.o
    0x0800bd9a   0x0800bd9a   0x00000002   PAD
    0x0800bd9c   0x0800bd9c   0x000009d8   Code   RO         4827    i.pow               m_ws.l(pow.o)
    0x0800c774   0x0800c774   0x000000a0   Code   RO         4416    i.read_from_flash   ui.o
    0x0800c814   0x0800c814   0x000000d8   Code   RO         4417    i.save_to_flash     ui.o
    0x0800c8ec   0x0800c8ec   0x000000e6   Code   RO         4223    i.shuzu             move.o
    0x0800c9d2   0x0800c9d2   0x0000004c   Code   RO         4887    i.sqrt              m_ws.l(sqrt.o)
    0x0800ca1e   0x0800ca1e   0x00000002   PAD
    0x0800ca20   0x0800ca20   0x0000007c   Code   RO         4117    i.stop              moto.o
    0x0800ca9c   0x0800ca9c   0x000000a0   Code   RO          449    i.uart1_init        usart.o
    0x0800cb3c   0x0800cb3c   0x000000a4   Code   RO          450    i.uart2_init        usart.o
    0x0800cbe0   0x0800cbe0   0x000000a8   Code   RO          451    i.uart3_init        usart.o
    0x0800cc88   0x0800cc88   0x00000244   Code   RO         4673    i.zuodongzuo        exti.o
    0x0800cecc   0x0800cecc   0x00000062   Code   RO         4768    x$fpl$d2f           fz_ws.l(d2f.o)
    0x0800cf2e   0x0800cf2e   0x00000002   PAD
    0x0800cf30   0x0800cf30   0x00000150   Code   RO         4770    x$fpl$dadd          fz_ws.l(daddsub_clz.o)
    0x0800d080   0x0800d080   0x00000010   Code   RO         4920    x$fpl$dcheck1       fz_ws.l(dcheck1.o)
    0x0800d090   0x0800d090   0x00000018   Code   RO         4852    x$fpl$dcmpinf       fz_ws.l(dcmpi.o)
    0x0800d0a8   0x0800d0a8   0x000002b0   Code   RO         4777    x$fpl$ddiv          fz_ws.l(ddiv.o)
    0x0800d358   0x0800d358   0x0000005e   Code   RO         4780    x$fpl$dfix          fz_ws.l(dfix.o)
    0x0800d3b6   0x0800d3b6   0x0000002e   Code   RO         4785    x$fpl$dflt          fz_ws.l(dflt_clz.o)
    0x0800d3e4   0x0800d3e4   0x00000026   Code   RO         4784    x$fpl$dfltu         fz_ws.l(dflt_clz.o)
    0x0800d40a   0x0800d40a   0x00000002   PAD
    0x0800d40c   0x0800d40c   0x00000078   Code   RO         4790    x$fpl$dleqf         fz_ws.l(dleqf.o)
    0x0800d484   0x0800d484   0x00000154   Code   RO         4792    x$fpl$dmul          fz_ws.l(dmul.o)
    0x0800d5d8   0x0800d5d8   0x0000009c   Code   RO         4854    x$fpl$dnaninf       fz_ws.l(dnaninf.o)
    0x0800d674   0x0800d674   0x0000000c   Code   RO         4856    x$fpl$dretinf       fz_ws.l(dretinf.o)
    0x0800d680   0x0800d680   0x0000006c   Code   RO         4794    x$fpl$drleqf        fz_ws.l(drleqf.o)
    0x0800d6ec   0x0800d6ec   0x00000016   Code   RO         4771    x$fpl$drsb          fz_ws.l(daddsub_clz.o)
    0x0800d702   0x0800d702   0x00000002   PAD
    0x0800d704   0x0800d704   0x000001cc   Code   RO         4922    x$fpl$dsqrt         fz_ws.l(dsqrt_noumaal.o)
    0x0800d8d0   0x0800d8d0   0x000001d4   Code   RO         4772    x$fpl$dsub          fz_ws.l(daddsub_clz.o)
    0x0800daa4   0x0800daa4   0x00000056   Code   RO         4796    x$fpl$f2d           fz_ws.l(f2d.o)
    0x0800dafa   0x0800dafa   0x00000002   PAD
    0x0800dafc   0x0800dafc   0x000000c4   Code   RO         4798    x$fpl$fadd          fz_ws.l(faddsub_clz.o)
    0x0800dbc0   0x0800dbc0   0x00000018   Code   RO         4858    x$fpl$fcmpinf       fz_ws.l(fcmpi.o)
    0x0800dbd8   0x0800dbd8   0x00000068   Code   RO         4804    x$fpl$feqf          fz_ws.l(feqf.o)
    0x0800dc40   0x0800dc40   0x00000036   Code   RO         4806    x$fpl$ffix          fz_ws.l(ffix.o)
    0x0800dc76   0x0800dc76   0x00000002   PAD
    0x0800dc78   0x0800dc78   0x00000030   Code   RO         4815    x$fpl$fflt          fz_ws.l(fflt_clz.o)
    0x0800dca8   0x0800dca8   0x00000026   Code   RO         4814    x$fpl$ffltu         fz_ws.l(fflt_clz.o)
    0x0800dcce   0x0800dcce   0x00000002   PAD
    0x0800dcd0   0x0800dcd0   0x00000068   Code   RO         4820    x$fpl$fleqf         fz_ws.l(fleqf.o)
    0x0800dd38   0x0800dd38   0x00000102   Code   RO         4822    x$fpl$fmul          fz_ws.l(fmul.o)
    0x0800de3a   0x0800de3a   0x0000008c   Code   RO         4860    x$fpl$fnaninf       fz_ws.l(fnaninf.o)
    0x0800dec6   0x0800dec6   0x0000000a   Code   RO         4862    x$fpl$fretinf       fz_ws.l(fretinf.o)
    0x0800ded0   0x0800ded0   0x00000062   Code   RO         4824    x$fpl$frleqf        fz_ws.l(frleqf.o)
    0x0800df32   0x0800df32   0x00000014   Code   RO         4799    x$fpl$frsb          fz_ws.l(faddsub_clz.o)
    0x0800df46   0x0800df46   0x00000002   PAD
    0x0800df48   0x0800df48   0x000000ea   Code   RO         4800    x$fpl$fsub          fz_ws.l(faddsub_clz.o)
    0x0800e032   0x0800e032   0x00000064   Code   RO         4937    x$fpl$retnan        fz_ws.l(retnan.o)
    0x0800e096   0x0800e096   0x0000005c   Code   RO         4864    x$fpl$scalbn        fz_ws.l(scalbn.o)
    0x0800e0f2   0x0800e0f2   0x00000030   Code   RO         4986    x$fpl$trapveneer    fz_ws.l(trapv.o)
    0x0800e122   0x0800e122   0x00000000   Code   RO         4866    x$fpl$usenofp       fz_ws.l(usenofp.o)
    0x0800e122   0x0800e122   0x00001c02   Data   RO         3663    .constdata          oled.o
    0x0800fd24   0x0800fd24   0x000030f5   Data   RO         3846    .constdata          oled2.o
    0x08012e19   0x08012e19   0x00000007   PAD
    0x08012e20   0x08012e20   0x00000088   Data   RO         4828    .constdata          m_ws.l(pow.o)
    0x08012ea8   0x08012ea8   0x00000008   Data   RO         4885    .constdata          m_ws.l(qnan.o)
    0x08012eb0   0x08012eb0   0x00000020   Data   RO         5063    Region$$Table       anon$$obj.o


    Execution Region ER_RW (Exec base: 0x20000000, Load base: 0x08012ed0, Size: 0x00002b3c, Max: 0xffffffff, ABSOLUTE, COMPRESSED[0x00000b54])

    Exec Addr    Load Addr    Size         Type   Attr      Idx    E Section Name        Object

    0x20000000   COMPRESSED   0x00000014   Data   RW          321    .data               system_stm32f10x.o
    0x20000014   COMPRESSED   0x00000004   Data   RW          354    .data               delay.o
    0x20000018   COMPRESSED   0x00000019   Data   RW          453    .data               usart.o
    0x20000031   COMPRESSED   0x00000014   Data   RW         2264    .data               stm32f10x_rcc.o
    0x20000045   COMPRESSED   0x00000b80   Data   RW         3664    .data               oled.o
    0x20000bc5   COMPRESSED   0x00000001   PAD
    0x20000bc6   COMPRESSED   0x0000000a   Data   RW         4021    .data               adc_config.o
    0x20000bd0   COMPRESSED   0x0000005a   Data   RW         4077    .data               st178.o
    0x20000c2a   COMPRESSED   0x00000002   PAD
    0x20000c2c   COMPRESSED   0x00000074   Data   RW         4119    .data               moto.o
    0x20000ca0   COMPRESSED   0x0000014e   Data   RW         4229    .data               move.o
    0x20000dee   COMPRESSED   0x00000002   PAD
    0x20000df0   COMPRESSED   0x00001cab   Data   RW         4419    .data               ui.o
    0x20002a9b   COMPRESSED   0x00000001   PAD
    0x20002a9c   COMPRESSED   0x000000a0   Data   RW         4674    .data               exti.o


    Execution Region ER_ZI (Exec base: 0x20002b3c, Load base: 0x08013a24, Size: 0x0000265c, Max: 0xffffffff, ABSOLUTE)

    Exec Addr    Load Addr    Size         Type   Attr      Idx    E Section Name        Object

    0x20002b3c        -       0x00000258   Zero   RW          452    .bss                usart.o
    0x20002d94        -       0x00000160   Zero   RW         3662    .bss                oled.o
    0x20002ef4        -       0x00000864   Zero   RW         3845    .bss                oled2.o
    0x20003758        -       0x0000000c   Zero   RW         4020    .bss                adc_config.o
    0x20003764        -       0x00000020   Zero   RW         4076    .bss                st178.o
    0x20003784        -       0x000000ac   Zero   RW         4118    .bss                moto.o
    0x20003830        -       0x00000ae1   Zero   RW         4228    .bss                move.o
    0x20004311   0x08013a24   0x00000001   PAD
    0x20004312        -       0x00000022   Zero   RW         4418    .bss                ui.o
    0x20004334        -       0x00000800   Zero   RW         4632    .bss                stmflash.o
    0x20004b34        -       0x00000060   Zero   RW         4925    .bss                c_w.l(libspace.o)
    0x20004b94   0x08013a24   0x00000004   PAD
    0x20004b98        -       0x00000200   Zero   RW          661    HEAP                startup_stm32f10x_hd.o
    0x20004d98        -       0x00000400   Zero   RW          660    STACK               startup_stm32f10x_hd.o


==============================================================================

Image component sizes


      Code (inc. data)   RO Data    RW Data    ZI Data      Debug   Object Name

      1016         66          0         10         12       5378   adc_config.o
       144         22          0          4          0     215240   delay.o
       808         64          0        160          0       2674   exti.o
       284         18          0          0          0        656   gpio.o
       132         16          0          0          0     257423   main.o
       172         22          0          0          0       2193   misc.o
      5612        494          0        116        172      11853   moto.o
       658         16          0        334       2785       6269   move.o
      1540         38       7170       2944        352      10802   oled.o
      1488         60      12533          0       2148      11442   oled2.o
      3984        364          0         90         32       5265   st178.o
        64         26        304          0       1536        824   startup_stm32f10x_hd.o
       508         24          0          0          0       9583   stm32f10x_adc.o
       416          8          0          0          0       3558   stm32f10x_dma.o
       274         30          0          0          0       3630   stm32f10x_flash.o
       430          6          0          0          0       4042   stm32f10x_gpio.o
        26          0          0          0          0      63922   stm32f10x_it.o
       396         56          0         20          0       6999   stm32f10x_rcc.o
      2414        264          0          0          0      21220   stm32f10x_tim.o
       442          6          0          0          0       6437   stm32f10x_usart.o
       310         10          0          0       2048       3621   stmflash.o
         0          0          0          0          0         32   sys.o
       328         28          0         20          0       2257   system_stm32f10x.o
      1076         52          0          0          0       2555   timer.o
     24972       2440          0       7339         34      31762   ui.o
      1152        114          0         25        600     226814   usart.o

    ----------------------------------------------------------------------
     48674       4244      20046      11068       9720     916451   Object Totals
         0          0         32          0          0          0   (incl. Generated)
        28          0          7          6          1          0   (incl. Padding)

    ----------------------------------------------------------------------

      Code (inc. data)   RO Data    RW Data    ZI Data      Debug   Library Member Name

       100          0          0          0          0          0   __dclz77c.o
         8          0          0          0          0         68   __main.o
       104          0          0          0          0         84   __printf.o
         0          0          0          0          0          0   __rtentry.o
        12          0          0          0          0          0   __rtentry2.o
         6          0          0          0          0          0   __rtentry4.o
        52          8          0          0          0          0   __scatter.o
        28          0          0          0          0          0   __scatter_zi.o
         6          0          0          0          0          0   _printf_c.o
        44          0          0          0          0        108   _printf_char.o
        48          6          0          0          0         96   _printf_char_common.o
        36          4          0          0          0         80   _printf_char_file.o
         6          0          0          0          0          0   _printf_d.o
       120         16          0          0          0         92   _printf_dec.o
       178          0          0          0          0         88   _printf_intcommon.o
         0          0          0          0          0          0   _printf_percent.o
         4          0          0          0          0          0   _printf_percent_end.o
         6          0          0          0          0          0   _printf_s.o
        82          0          0          0          0         80   _printf_str.o
        22          0          0          0          0        100   _rserrno.o
        10          0          0          0          0         68   _sputc.o
        18          0          0          0          0         80   exit.o
         8          0          0          0          0         68   ferror.o
         6          0          0          0          0        152   heapauxi.o
         2          0          0          0          0          0   libinit.o
         2          0          0          0          0          0   libinit2.o
         2          0          0          0          0          0   libshutdown.o
         2          0          0          0          0          0   libshutdown2.o
         8          4          0          0         96         68   libspace.o
        24          4          0          0          0         84   noretval__2printf.o
        40          6          0          0          0         84   noretval__2sprintf.o
         8          4          0          0          0         68   rt_errno_addr_intlibspace.o
         2          0          0          0          0          0   rtexit.o
        10          0          0          0          0          0   rtexit2.o
        74          0          0          0          0         80   sys_stackheap_outer.o
         2          0          0          0          0         68   use_no_semi.o
         2          0          0          0          0         68   use_no_semi_2.o
        98          4          0          0          0         92   d2f.o
       826         16          0          0          0        348   daddsub_clz.o
        16          4          0          0          0         68   dcheck1.o
        24          0          0          0          0         68   dcmpi.o
       688        140          0          0          0        208   ddiv.o
        94          4          0          0          0         92   dfix.o
        84          0          0          0          0        136   dflt_clz.o
       120          4          0          0          0         92   dleqf.o
       340         12          0          0          0        104   dmul.o
       156          4          0          0          0         92   dnaninf.o
        12          0          0          0          0         68   dretinf.o
       108          0          0          0          0         80   drleqf.o
       460         56          0          0          0        120   dsqrt_noumaal.o
        86          4          0          0          0         84   f2d.o
       450          8          0          0          0        236   faddsub_clz.o
        24          0          0          0          0         68   fcmpi.o
       104          4          0          0          0         84   feqf.o
        54          4          0          0          0         84   ffix.o
        86          0          0          0          0        136   fflt_clz.o
       104          4          0          0          0         84   fleqf.o
       258          4          0          0          0         84   fmul.o
       140          4          0          0          0         84   fnaninf.o
        10          0          0          0          0         68   fretinf.o
        98          0          0          0          0         68   frleqf.o
       100          0          0          0          0         68   retnan.o
        92          0          0          0          0         68   scalbn.o
        48          0          0          0          0         68   trapv.o
         0          0          0          0          0          0   usenofp.o
        62         10          0          0          0        340   dunder.o
        40          0          0          0          0         68   fpclassify.o
       170          0          0          0          0         96   poly.o
      2520        190        136          0          0        324   pow.o
         0          0          8          0          0          0   qnan.o
        76          0          0          0          0         84   sqrt.o

    ----------------------------------------------------------------------
      8656        528        144          0        100       5448   Library Totals
        26          0          0          0          4          0   (incl. Padding)

    ----------------------------------------------------------------------

      Code (inc. data)   RO Data    RW Data    ZI Data      Debug   Library Name

      1082         52          0          0         96       1684   c_w.l
      4680        276          0          0          0       2852   fz_ws.l
      2868        200        144          0          0        912   m_ws.l

    ----------------------------------------------------------------------
      8656        528        144          0        100       5448   Library Totals

    ----------------------------------------------------------------------

==============================================================================


      Code (inc. data)   RO Data    RW Data    ZI Data      Debug   

     57330       4772      20190      11068       9820     909259   Grand Totals
     57330       4772      20190       2900       9820     909259   ELF Image Totals (compressed)
     57330       4772      20190       2900          0          0   ROM Totals

==============================================================================

    Total RO  Size (Code + RO Data)                77520 (  75.70kB)
    Total RW  Size (RW Data + ZI Data)             20888 (  20.40kB)
    Total ROM Size (Code + RO Data + RW Data)      80420 (  78.54kB)

==============================================================================

